Archive member included to satisfy reference by file (symbol)

../Middlewares/ST/AI/Lib\NetworkRuntime700_CM4_GCC.a(ai_platform_interface.o)
                              ./X-CUBE-AI/App/sine_model.o (ai_platform_get_weights_map)
../Middlewares/ST/AI/Lib\NetworkRuntime700_CM4_GCC.a(core_mem_manager.o)
                              ../Middlewares/ST/AI/Lib\NetworkRuntime700_CM4_GCC.a(ai_platform_interface.o) (core_mem_alloc)
../Middlewares/ST/AI/Lib\NetworkRuntime700_CM4_GCC.a(core_common.o)
                              ../Middlewares/ST/AI/Lib\NetworkRuntime700_CM4_GCC.a(ai_platform_interface.o) (core_init)
../Middlewares/ST/AI/Lib\NetworkRuntime700_CM4_GCC.a(layers_conv2d_generic_float.o)
                              ./X-CUBE-AI/App/sine_model.o (forward_dense)
../Middlewares/ST/AI/Lib\NetworkRuntime700_CM4_GCC.a(layers_nl_generic_float.o)
                              ./X-CUBE-AI/App/sine_model.o (forward_relu)
../Middlewares/ST/AI/Lib\NetworkRuntime700_CM4_GCC.a(layers.o)
                              ../Middlewares/ST/AI/Lib\NetworkRuntime700_CM4_GCC.a(ai_platform_interface.o) (ai_check_custom_types)
../Middlewares/ST/AI/Lib\NetworkRuntime700_CM4_GCC.a(arm_mat_init_f32.o)
                              ../Middlewares/ST/AI/Lib\NetworkRuntime700_CM4_GCC.a(layers_conv2d_generic_float.o) (st_dsp_arm_mat_init_f32)
../Middlewares/ST/AI/Lib\NetworkRuntime700_CM4_GCC.a(ai_datatypes_format.o)
                              ../Middlewares/ST/AI/Lib\NetworkRuntime700_CM4_GCC.a(ai_platform_interface.o) (ai_array_to_buffer_fmt)
../Middlewares/ST/AI/Lib\NetworkRuntime700_CM4_GCC.a(ai_math_helpers.o)
                              ../Middlewares/ST/AI/Lib\NetworkRuntime700_CM4_GCC.a(layers_nl_generic_float.o) (ai_math_sqrt)
../Middlewares/ST/AI/Lib\NetworkRuntime700_CM4_GCC.a(st_convolve_reference.o)
                              ../Middlewares/ST/AI/Lib\NetworkRuntime700_CM4_GCC.a(ai_math_helpers.o) (align_factor)
c:/st/stm32cubeide_1.7.0/stm32cubeide/plugins/com.st.stm32cube.ide.mcu.externaltools.gnu-tools-for-stm32.9-2020-q2-update.win32_2.0.0.202105311346/tools/bin/../lib/gcc/arm-none-eabi/9.3.1/../../../../arm-none-eabi/lib/thumb/v7e-m+fp/hard\libc_nano.a(lib_a-errno.o)
                              ./Core/Src/sysmem.o (__errno)
c:/st/stm32cubeide_1.7.0/stm32cubeide/plugins/com.st.stm32cube.ide.mcu.externaltools.gnu-tools-for-stm32.9-2020-q2-update.win32_2.0.0.202105311346/tools/bin/../lib/gcc/arm-none-eabi/9.3.1/../../../../arm-none-eabi/lib/thumb/v7e-m+fp/hard\libc_nano.a(lib_a-exit.o)
                              c:/st/stm32cubeide_1.7.0/stm32cubeide/plugins/com.st.stm32cube.ide.mcu.externaltools.gnu-tools-for-stm32.9-2020-q2-update.win32_2.0.0.202105311346/tools/bin/../lib/gcc/arm-none-eabi/9.3.1/../../../../arm-none-eabi/lib/thumb/v7e-m+fp/hard/crt0.o (exit)
c:/st/stm32cubeide_1.7.0/stm32cubeide/plugins/com.st.stm32cube.ide.mcu.externaltools.gnu-tools-for-stm32.9-2020-q2-update.win32_2.0.0.202105311346/tools/bin/../lib/gcc/arm-none-eabi/9.3.1/../../../../arm-none-eabi/lib/thumb/v7e-m+fp/hard\libc_nano.a(lib_a-impure.o)
                              c:/st/stm32cubeide_1.7.0/stm32cubeide/plugins/com.st.stm32cube.ide.mcu.externaltools.gnu-tools-for-stm32.9-2020-q2-update.win32_2.0.0.202105311346/tools/bin/../lib/gcc/arm-none-eabi/9.3.1/../../../../arm-none-eabi/lib/thumb/v7e-m+fp/hard\libc_nano.a(lib_a-exit.o) (_global_impure_ptr)
c:/st/stm32cubeide_1.7.0/stm32cubeide/plugins/com.st.stm32cube.ide.mcu.externaltools.gnu-tools-for-stm32.9-2020-q2-update.win32_2.0.0.202105311346/tools/bin/../lib/gcc/arm-none-eabi/9.3.1/../../../../arm-none-eabi/lib/thumb/v7e-m+fp/hard\libc_nano.a(lib_a-init.o)
                              c:/st/stm32cubeide_1.7.0/stm32cubeide/plugins/com.st.stm32cube.ide.mcu.externaltools.gnu-tools-for-stm32.9-2020-q2-update.win32_2.0.0.202105311346/tools/bin/../lib/gcc/arm-none-eabi/9.3.1/../../../../arm-none-eabi/lib/thumb/v7e-m+fp/hard/crt0.o (__libc_init_array)
c:/st/stm32cubeide_1.7.0/stm32cubeide/plugins/com.st.stm32cube.ide.mcu.externaltools.gnu-tools-for-stm32.9-2020-q2-update.win32_2.0.0.202105311346/tools/bin/../lib/gcc/arm-none-eabi/9.3.1/../../../../arm-none-eabi/lib/thumb/v7e-m+fp/hard\libc_nano.a(lib_a-malloc.o)
                              ../Middlewares/ST/AI/Lib\NetworkRuntime700_CM4_GCC.a(core_mem_manager.o) (malloc)
c:/st/stm32cubeide_1.7.0/stm32cubeide/plugins/com.st.stm32cube.ide.mcu.externaltools.gnu-tools-for-stm32.9-2020-q2-update.win32_2.0.0.202105311346/tools/bin/../lib/gcc/arm-none-eabi/9.3.1/../../../../arm-none-eabi/lib/thumb/v7e-m+fp/hard\libc_nano.a(lib_a-memcpy-stub.o)
                              ./X-CUBE-AI/App/sine_model.o (memcpy)
c:/st/stm32cubeide_1.7.0/stm32cubeide/plugins/com.st.stm32cube.ide.mcu.externaltools.gnu-tools-for-stm32.9-2020-q2-update.win32_2.0.0.202105311346/tools/bin/../lib/gcc/arm-none-eabi/9.3.1/../../../../arm-none-eabi/lib/thumb/v7e-m+fp/hard\libc_nano.a(lib_a-memset.o)
[...]
Memory Configuration

Name             Origin             Length             Attributes
RAM              0x0000000020000000 0x000000000000c000 xrw
RAM2             0x0000000010000000 0x0000000000004000 xrw
FLASH            0x0000000008000000 0x0000000000040000 xr
*default*        0x0000000000000000 0xffffffffffffffff

Linker script and memory map

LOAD c:/st/stm32cubeide_1.7.0/stm32cubeide/plugins/com.st.stm32cube.ide.mcu.externaltools.gnu-tools-for-stm32.9-2020-q2-update.win32_2.0.0.202105311346/tools/bin/../lib/gcc/arm-none-eabi/9.3.1/thumb/v7e-m+fp/hard/crti.o
LOAD c:/st/stm32cubeide_1.7.0/stm32cubeide/plugins/com.st.stm32cube.ide.mcu.externaltools.gnu-tools-for-stm32.9-2020-q2-update.win32_2.0.0.202105311346/tools/bin/../lib/gcc/arm-none-eabi/9.3.1/thumb/v7e-m+fp/hard/crtbegin.o
LOAD c:/st/stm32cubeide_1.7.0/stm32cubeide/plugins/com.st.stm32cube.ide.mcu.externaltools.gnu-tools-for-stm32.9-2020-q2-update.win32_2.0.0.202105311346/tools/bin/../lib/gcc/arm-none-eabi/9.3.1/../../../../arm-none-eabi/lib/thumb/v7e-m+fp/hard/crt0.o
LOAD ./Core/Src/main.o
LOAD ./Core/Src/stm32l4xx_hal_msp.o
LOAD ./Core/Src/stm32l4xx_it.o
LOAD ./Core/Src/sysmem.o
LOAD ./Core/Src/system_stm32l4xx.o
LOAD ./Core/Startup/startup_stm32l432kcux.o
LOAD ./Drivers/STM32L4xx_HAL_Driver/Src/stm32l4xx_hal.o
LOAD ./Drivers/STM32L4xx_HAL_Driver/Src/stm32l4xx_hal_cortex.o
LOAD ./Drivers/STM32L4xx_HAL_Driver/Src/stm32l4xx_hal_crc.o
LOAD ./Drivers/STM32L4xx_HAL_Driver/Src/stm32l4xx_hal_crc_ex.o
LOAD ./Drivers/STM32L4xx_HAL_Driver/Src/stm32l4xx_hal_dma.o
LOAD ./Drivers/STM32L4xx_HAL_Driver/Src/stm32l4xx_hal_dma_ex.o
LOAD ./Drivers/STM32L4xx_HAL_Driver/Src/stm32l4xx_hal_exti.o
LOAD ./Drivers/STM32L4xx_HAL_Driver/Src/stm32l4xx_hal_flash.o
LOAD ./Drivers/STM32L4xx_HAL_Driver/Src/stm32l4xx_hal_flash_ex.o
LOAD ./Drivers/STM32L4xx_HAL_Driver/Src/stm32l4xx_hal_flash_ramfunc.o
LOAD ./Drivers/STM32L4xx_HAL_Driver/Src/stm32l4xx_hal_gpio.o
LOAD ./Drivers/STM32L4xx_HAL_Driver/Src/stm32l4xx_hal_i2c.o
LOAD ./Drivers/STM32L4xx_HAL_Driver/Src/stm32l4xx_hal_i2c_ex.o
LOAD ./Drivers/STM32L4xx_HAL_Driver/Src/stm32l4xx_hal_pwr.o
LOAD ./Drivers/STM32L4xx_HAL_Driver/Src/stm32l4xx_hal_pwr_ex.o
LOAD ./Drivers/STM32L4xx_HAL_Driver/Src/stm32l4xx_hal_rcc.o
LOAD ./Drivers/STM32L4xx_HAL_Driver/Src/stm32l4xx_hal_rcc_ex.o
LOAD ./Drivers/STM32L4xx_HAL_Driver/Src/stm32l4xx_hal_tim.o
LOAD ./Drivers/STM32L4xx_HAL_Driver/Src/stm32l4xx_hal_tim_ex.o
LOAD ./Drivers/STM32L4xx_HAL_Driver/Src/stm32l4xx_hal_uart.o
LOAD ./Drivers/STM32L4xx_HAL_Driver/Src/stm32l4xx_hal_uart_ex.o
LOAD ./X-CUBE-AI/App/sine_model.o
LOAD ./X-CUBE-AI/App/sine_model_data.o
LOAD ../Middlewares/ST/AI/Lib\NetworkRuntime700_CM4_GCC.a
START GROUP
LOAD c:/st/stm32cubeide_1.7.0/stm32cubeide/plugins/com.st.stm32cube.ide.mcu.externaltools.gnu-tools-for-stm32.9-2020-q2-update.win32_2.0.0.202105311346/tools/bin/../lib/gcc/arm-none-eabi/9.3.1/../../../../arm-none-eabi/lib/thumb/v7e-m+fp/hard\libc_nano.a
LOAD c:/st/stm32cubeide_1.7.0/stm32cubeide/plugins/com.st.stm32cube.ide.mcu.externaltools.gnu-tools-for-stm32.9-2020-q2-update.win32_2.0.0.202105311346/tools/bin/../lib/gcc/arm-none-eabi/9.3.1/../../../../arm-none-eabi/lib/thumb/v7e-m+fp/hard\libm.a
END GROUP
START GROUP
LOAD c:/st/stm32cubeide_1.7.0/stm32cubeide/plugins/com.st.stm32cube.ide.mcu.externaltools.gnu-tools-for-stm32.9-2020-q2-update.win32_2.0.0.202105311346/tools/bin/../lib/gcc/arm-none-eabi/9.3.1/thumb/v7e-m+fp/hard\libgcc.a
LOAD c:/st/stm32cubeide_1.7.0/stm32cubeide/plugins/com.st.stm32cube.ide.mcu.externaltools.gnu-tools-for-stm32.9-2020-q2-update.win32_2.0.0.202105311346/tools/bin/../lib/gcc/arm-none-eabi/9.3.1/../../../../arm-none-eabi/lib/thumb/v7e-m+fp/hard\libc_nano.a
END GROUP
START GROUP
LOAD c:/st/stm32cubeide_1.7.0/stm32cubeide/plugins/com.st.stm32cube.ide.mcu.externaltools.gnu-tools-for-stm32.9-2020-q2-update.win32_2.0.0.202105311346/tools/bin/../lib/gcc/arm-none-eabi/9.3.1/thumb/v7e-m+fp/hard\libgcc.a
LOAD c:/st/stm32cubeide_1.7.0/stm32cubeide/plugins/com.st.stm32cube.ide.mcu.externaltools.gnu-tools-for-stm32.9-2020-q2-update.win32_2.0.0.202105311346/tools/bin/../lib/gcc/arm-none-eabi/9.3.1/../../../../arm-none-eabi/lib/thumb/v7e-m+fp/hard\libc_nano.a
LOAD c:/st/stm32cubeide_1.7.0/stm32cubeide/plugins/com.st.stm32cube.ide.mcu.externaltools.gnu-tools-for-stm32.9-2020-q2-update.win32_2.0.0.202105311346/tools/bin/../lib/gcc/arm-none-eabi/9.3.1/../../../../arm-none-eabi/lib/thumb/v7e-m+fp/hard\libnosys.a
END GROUP
START GROUP
LOAD c:/st/stm32cubeide_1.7.0/stm32cubeide/plugins/com.st.stm32cube.ide.mcu.externaltools.gnu-tools-for-stm32.9-2020-q2-update.win32_2.0.0.202105311346/tools/bin/../lib/gcc/arm-none-eabi/9.3.1/thumb/v7e-m+fp/hard\libgcc.a
LOAD c:/st/stm32cubeide_1.7.0/stm32cubeide/plugins/com.st.stm32cube.ide.mcu.externaltools.gnu-tools-for-stm32.9-2020-q2-update.win32_2.0.0.202105311346/tools/bin/../lib/gcc/arm-none-eabi/9.3.1/../../../../arm-none-eabi/lib/thumb/v7e-m+fp/hard\libc_nano.a
LOAD c:/st/stm32cubeide_1.7.0/stm32cubeide/plugins/com.st.stm32cube.ide.mcu.externaltools.gnu-tools-for-stm32.9-2020-q2-update.win32_2.0.0.202105311346/tools/bin/../lib/gcc/arm-none-eabi/9.3.1/../../../../arm-none-eabi/lib/thumb/v7e-m+fp/hard\libnosys.a
END GROUP
LOAD c:/st/stm32cubeide_1.7.0/stm32cubeide/plugins/com.st.stm32cube.ide.mcu.externaltools.gnu-tools-for-stm32.9-2020-q2-update.win32_2.0.0.202105311346/tools/bin/../lib/gcc/arm-none-eabi/9.3.1/thumb/v7e-m+fp/hard/crtend.o
LOAD c:/st/stm32cubeide_1.7.0/stm32cubeide/plugins/com.st.stm32cube.ide.mcu.externaltools.gnu-tools-for-stm32.9-2020-q2-update.win32_2.0.0.202105311346/tools/bin/../lib/gcc/arm-none-eabi/9.3.1/thumb/v7e-m+fp/hard/crtn.o
                0x000000002000c000                _estack = (ORIGIN (RAM) + LENGTH (RAM))
                0x0000000000000800                _Min_Heap_Size = 0x800
                0x0000000000000800                _Min_Stack_Size = 0x800

.isr_vector     0x0000000008000000      0x18c
                0x0000000008000000                . = ALIGN (0x4)
 *(.isr_vector)
 .isr_vector    0x0000000008000000      0x18c ./Core/Startup/startup_stm32l432kcux.o
                0x0000000008000000                g_pfnVectors
                0x000000000800018c                . = ALIGN (0x4)

.text           0x0000000008000190     0x6d5c
                0x0000000008000190                . = ALIGN (0x4)
 *(.text)
 .text          0x0000000008000190       0x40 c:/st/stm32cubeide_1.7.0/stm32cubeide/plugins/com.st.stm32cube.ide.mcu.externaltools.gnu-tools-for-stm32.9-2020-q2-update.win32_2.0.0.202105311346/tools/bin/../lib/gcc/arm-none-eabi/9.3.1/thumb/v7e-m+fp/hard/crtbegin.o
 .text          0x00000000080001d0       0x10 c:/st/stm32cubeide_1.7.0/stm32cubeide/plugins/com.st.stm32cube.ide.mcu.externaltools.gnu-tools-for-stm32.9-2020-q2-update.win32_2.0.0.202105311346/tools/bin/../lib/gcc/arm-none-eabi/9.3.1/../../../../arm-none-eabi/lib/thumb/v7e-m+fp/hard\libc_nano.a(lib_a-strlen.o)
                0x00000000080001d0                strlen
 .text          0x00000000080001e0       0xa0 c:/st/stm32cubeide_1.7.0/stm32cubeide/plugins/com.st.stm32cube.ide.mcu.externaltools.gnu-tools-for-stm32.9-2020-q2-update.win32_2.0.0.202105311346/tools/bin/../lib/gcc/arm-none-eabi/9.3.1/../../../../arm-none-eabi/lib/thumb/v7e-m+fp/hard\libc_nano.a(lib_a-memchr.o)
                0x00000000080001e0                memchr
 .text          0x0000000008000280      0x378 c:/st/stm32cubeide_1.7.0/stm32cubeide/plugins/com.st.stm32cube.ide.mcu.externaltools.gnu-tools-for-stm32.9-2020-q2-update.win32_2.0.0.202105311346/tools/bin/../lib/gcc/arm-none-eabi/9.3.1/thumb/v7e-m+fp/hard\libgcc.a(_arm_addsubdf3.o)
                0x0000000008000280                __aeabi_drsub
                0x0000000008000288                __aeabi_dsub
                0x0000000008000288                __subdf3
                0x000000000800028c                __aeabi_dadd
                0x000000000800028c                __adddf3
                0x0000000008000504                __floatunsidf
                0x0000000008000504                __aeabi_ui2d
                0x0000000008000524                __floatsidf
                0x0000000008000524                __aeabi_i2d
                0x0000000008000548                __aeabi_f2d
                0x0000000008000548                __extendsfdf2
                0x000000000800058c                __floatundidf
                0x000000000800058c                __aeabi_ul2d
                0x000000000800059c                __floatdidf
                0x000000000800059c                __aeabi_l2d
 .text          0x00000000080005f8      0x424 c:/st/stm32cubeide_1.7.0/stm32cubeide/plugins/com.st.stm32cube.ide.mcu.externaltools.gnu-tools-for-stm32.9-2020-q2-update.win32_2.0.0.202105311346/tools/bin/../lib/gcc/arm-none-eabi/9.3.1/thumb/v7e-m+fp/hard\libgcc.a(_arm_muldivdf3.o)
                0x00000000080005f8                __aeabi_dmul
                0x00000000080005f8                __muldf3
                0x000000000800084c                __divdf3
                0x000000000800084c                __aeabi_ddiv
 .text          0x0000000008000a1c      0x110 c:/st/stm32cubeide_1.7.0/stm32cubeide/plugins/com.st.stm32cube.ide.mcu.externaltools.gnu-tools-for-stm32.9-2020-q2-update.win32_2.0.0.202105311346/tools/bin/../lib/gcc/arm-none-eabi/9.3.1/thumb/v7e-m+fp/hard\libgcc.a(_arm_cmpdf2.o)
                0x0000000008000a1c                __gtdf2
                0x0000000008000a1c                __gedf2
                0x0000000008000a24                __ltdf2
                0x0000000008000a24                __ledf2
                0x0000000008000a2c                __nedf2
                0x0000000008000a2c                __eqdf2
                0x0000000008000a2c                __cmpdf2
                0x0000000008000aa8                __aeabi_cdrcmple
                0x0000000008000ab8                __aeabi_cdcmpeq
                0x0000000008000ab8                __aeabi_cdcmple
                0x0000000008000ac8                __aeabi_dcmpeq
                0x0000000008000adc                __aeabi_dcmplt
                0x0000000008000af0                __aeabi_dcmple
                0x0000000008000b04                __aeabi_dcmpge
                0x0000000008000b18                __aeabi_dcmpgt
 .text          0x0000000008000b2c       0x2c c:/st/stm32cubeide_1.7.0/stm32cubeide/plugins/com.st.stm32cube.ide.mcu.externaltools.gnu-tools-for-stm32.9-2020-q2-update.win32_2.0.0.202105311346/tools/bin/../lib/gcc/arm-none-eabi/9.3.1/thumb/v7e-m+fp/hard\libgcc.a(_arm_unorddf2.o)
                0x0000000008000b2c                __unorddf2
                0x0000000008000b2c                __aeabi_dcmpun
 .text          0x0000000008000b58       0x50 c:/st/stm32cubeide_1.7.0/stm32cubeide/plugins/com.st.stm32cube.ide.mcu.externaltools.gnu-tools-for-stm32.9-2020-q2-update.win32_2.0.0.202105311346/tools/bin/../lib/gcc/arm-none-eabi/9.3.1/thumb/v7e-m+fp/hard\libgcc.a(_arm_fixdfsi.o)
                0x0000000008000b58                __aeabi_d2iz
                0x0000000008000b58                __fixdfsi
 .text          0x0000000008000ba8       0x30 c:/st/stm32cubeide_1.7.0/stm32cubeide/plugins/com.st.stm32cube.ide.mcu.externaltools.gnu-tools-for-stm32.9-2020-q2-update.win32_2.0.0.202105311346/tools/bin/../lib/gcc/arm-none-eabi/9.3.1/thumb/v7e-m+fp/hard\libgcc.a(_aeabi_uldivmod.o)
                0x0000000008000ba8                __aeabi_uldivmod
 .text          0x0000000008000bd8      0x2c4 c:/st/stm32cubeide_1.7.0/stm32cubeide/plugins/com.st.stm32cube.ide.mcu.externaltools.gnu-tools-for-stm32.9-2020-q2-update.win32_2.0.0.202105311346/tools/bin/../lib/gcc/arm-none-eabi/9.3.1/thumb/v7e-m+fp/hard\libgcc.a(_udivmoddi4.o)
                0x0000000008000bd8                __udivmoddi4
 .text          0x0000000008000e9c        0x4 c:/st/stm32cubeide_1.7.0/stm32cubeide/plugins/com.st.stm32cube.ide.mcu.externaltools.gnu-tools-for-stm32.9-2020-q2-update.win32_2.0.0.202105311346/tools/bin/../lib/gcc/arm-none-eabi/9.3.1/thumb/v7e-m+fp/hard\libgcc.a(_dvmd_tls.o)
                0x0000000008000e9c                __aeabi_idiv0
                0x0000000008000e9c                __aeabi_ldiv0
 *(.text*)
 .text.SystemClock_Config
                0x0000000008000ea0       0x76 ./Core/Src/main.o
                0x0000000008000ea0                SystemClock_Config
 *fill*         0x0000000008000f16        0x2 
 .text.startup.main
                0x0000000008000f18      0x24c ./Core/Src/main.o
                0x0000000008000f18                main
 .text.Error_Handler
                0x0000000008001164        0x4 ./Core/Src/main.o
                0x0000000008001164                Error_Handler
 .text.HAL_MspInit
                0x0000000008001168       0x30 ./Core/Src/stm32l4xx_hal_msp.o
                0x0000000008001168                HAL_MspInit
 .text.HAL_CRC_MspInit
                0x0000000008001198       0x28 ./Core/Src/stm32l4xx_hal_msp.o
                0x0000000008001198                HAL_CRC_MspInit
 .text.HAL_TIM_Base_MspInit
                0x00000000080011c0       0x28 ./Core/Src/stm32l4xx_hal_msp.o
                0x00000000080011c0                HAL_TIM_Base_MspInit
 .text.HAL_UART_MspInit
                0x00000000080011e8       0xa0 ./Core/Src/stm32l4xx_hal_msp.o
                0x00000000080011e8                HAL_UART_MspInit
 .text.NMI_Handler
                0x0000000008001288        0x2 ./Core/Src/stm32l4xx_it.o
                0x0000000008001288                NMI_Handler
 .text.HardFault_Handler
                0x000000000800128a        0x2 ./Core/Src/stm32l4xx_it.o
                0x000000000800128a                HardFault_Handler
 .text.MemManage_Handler
                0x000000000800128c        0x2 ./Core/Src/stm32l4xx_it.o
                0x000000000800128c                MemManage_Handler
 .text.BusFault_Handler
                0x000000000800128e        0x2 ./Core/Src/stm32l4xx_it.o
                0x000000000800128e                BusFault_Handler
 .text.UsageFault_Handler
                0x0000000008001290        0x2 ./Core/Src/stm32l4xx_it.o
                0x0000000008001290                UsageFault_Handler
 .text.SVC_Handler
                0x0000000008001292        0x2 ./Core/Src/stm32l4xx_it.o
                0x0000000008001292                SVC_Handler
 .text.DebugMon_Handler
                0x0000000008001294        0x2 ./Core/Src/stm32l4xx_it.o
                0x0000000008001294                DebugMon_Handler
 .text.PendSV_Handler
                0x0000000008001296        0x2 ./Core/Src/stm32l4xx_it.o
                0x0000000008001296                PendSV_Handler
 .text.SysTick_Handler
                0x0000000008001298        0x4 ./Core/Src/stm32l4xx_it.o
                0x0000000008001298                SysTick_Handler
 .text._sbrk    0x000000000800129c       0x40 ./Core/Src/sysmem.o
                0x000000000800129c                _sbrk
 .text.SystemInit
                0x00000000080012dc       0x44 ./Core/Src/system_stm32l4xx.o
                0x00000000080012dc                SystemInit
 .text.Reset_Handler
                0x0000000008001320       0x50 ./Core/Startup/startup_stm32l432kcux.o
                0x0000000008001320                Reset_Handler
 .text.Default_Handler
                0x0000000008001370        0x2 ./Core/Startup/startup_stm32l432kcux.o
                0x0000000008001370                RTC_Alarm_IRQHandler
                0x0000000008001370                EXTI2_IRQHandler
                0x0000000008001370                TIM1_CC_IRQHandler
                0x0000000008001370                TSC_IRQHandler
                0x0000000008001370                TAMP_STAMP_IRQHandler
                0x0000000008001370                EXTI3_IRQHandler
                0x0000000008001370                LPTIM2_IRQHandler
                0x0000000008001370                I2C3_ER_IRQHandler
                0x0000000008001370                EXTI0_IRQHandler
                0x0000000008001370                CAN1_RX0_IRQHandler
                0x0000000008001370                FPU_IRQHandler
                0x0000000008001370                TIM1_UP_TIM16_IRQHandler
                0x0000000008001370                SPI1_IRQHandler
                0x0000000008001370                TIM6_DAC_IRQHandler
                0x0000000008001370                DMA2_Channel2_IRQHandler
                0x0000000008001370                DMA1_Channel4_IRQHandler
                0x0000000008001370                ADC1_IRQHandler
                0x0000000008001370                DMA1_Channel7_IRQHandler
                0x0000000008001370                CAN1_RX1_IRQHandler
                0x0000000008001370                DMA2_Channel1_IRQHandler
                0x0000000008001370                QUADSPI_IRQHandler
                0x0000000008001370                I2C1_EV_IRQHandler
                0x0000000008001370                DMA1_Channel6_IRQHandler
                0x0000000008001370                DMA2_Channel4_IRQHandler
                0x0000000008001370                RCC_IRQHandler
                0x0000000008001370                TIM1_TRG_COM_IRQHandler
                0x0000000008001370                DMA1_Channel1_IRQHandler
                0x0000000008001370                Default_Handler
                0x0000000008001370                DMA2_Channel7_IRQHandler
                0x0000000008001370                EXTI15_10_IRQHandler
                0x0000000008001370                TIM7_IRQHandler
                0x0000000008001370                I2C3_EV_IRQHandler
                0x0000000008001370                USB_IRQHandler
                0x0000000008001370                EXTI9_5_IRQHandler
                0x0000000008001370                RTC_WKUP_IRQHandler
                0x0000000008001370                PVD_PVM_IRQHandler
                0x0000000008001370                CAN1_TX_IRQHandler
                0x0000000008001370                DMA2_Channel5_IRQHandler
                0x0000000008001370                CRS_IRQHandler
                0x0000000008001370                DMA1_Channel5_IRQHandler
                0x0000000008001370                EXTI4_IRQHandler
                0x0000000008001370                RNG_IRQHandler
                0x0000000008001370                DMA1_Channel3_IRQHandler
                0x0000000008001370                COMP_IRQHandler
                0x0000000008001370                WWDG_IRQHandler
                0x0000000008001370                LPUART1_IRQHandler
                0x0000000008001370                DMA2_Channel6_IRQHandler
                0x0000000008001370                TIM2_IRQHandler
                0x0000000008001370                EXTI1_IRQHandler
                0x0000000008001370                USART2_IRQHandler
                0x0000000008001370                DMA1_Channel2_IRQHandler
                0x0000000008001370                CAN1_SCE_IRQHandler
                0x0000000008001370                FLASH_IRQHandler
                0x0000000008001370                USART1_IRQHandler
                0x0000000008001370                SPI3_IRQHandler
                0x0000000008001370                I2C1_ER_IRQHandler
                0x0000000008001370                SWPMI1_IRQHandler
                0x0000000008001370                LPTIM1_IRQHandler
                0x0000000008001370                SAI1_IRQHandler
                0x0000000008001370                DMA2_Channel3_IRQHandler
                0x0000000008001370                TIM1_BRK_TIM15_IRQHandler
 *fill*         0x0000000008001372        0x2 
 .text.HAL_InitTick
                0x0000000008001374       0x4c ./Drivers/STM32L4xx_HAL_Driver/Src/stm32l4xx_hal.o
                0x0000000008001374                HAL_InitTick
 .text.HAL_Init
                0x00000000080013c0       0x1e ./Drivers/STM32L4xx_HAL_Driver/Src/stm32l4xx_hal.o
                0x00000000080013c0                HAL_Init
 *fill*         0x00000000080013de        0x2 
 .text.HAL_IncTick
                0x00000000080013e0       0x18 ./Drivers/STM32L4xx_HAL_Driver/Src/stm32l4xx_hal.o
                0x00000000080013e0                HAL_IncTick
 .text.HAL_GetTick
                0x00000000080013f8        0xc ./Drivers/STM32L4xx_HAL_Driver/Src/stm32l4xx_hal.o
                0x00000000080013f8                HAL_GetTick
 .text.HAL_Delay
                0x0000000008001404       0x28 ./Drivers/STM32L4xx_HAL_Driver/Src/stm32l4xx_hal.o
                0x0000000008001404                HAL_Delay
 .text.HAL_NVIC_SetPriorityGrouping
                0x000000000800142c       0x24 ./Drivers/STM32L4xx_HAL_Driver/Src/stm32l4xx_hal_cortex.o
                0x000000000800142c                HAL_NVIC_SetPriorityGrouping
 .text.HAL_NVIC_SetPriority
                0x0000000008001450       0x64 ./Drivers/STM32L4xx_HAL_Driver/Src/stm32l4xx_hal_cortex.o
                0x0000000008001450                HAL_NVIC_SetPriority
 .text.HAL_SYSTICK_Config
                0x00000000080014b4       0x2c ./Drivers/STM32L4xx_HAL_Driver/Src/stm32l4xx_hal_cortex.o
                0x00000000080014b4                HAL_SYSTICK_Config
 .text.HAL_CRC_Init
                0x00000000080014e0       0x74 ./Drivers/STM32L4xx_HAL_Driver/Src/stm32l4xx_hal_crc.o
                0x00000000080014e0                HAL_CRC_Init
 .text.HAL_CRCEx_Polynomial_Set
                0x0000000008001554       0x42 ./Drivers/STM32L4xx_HAL_Driver/Src/stm32l4xx_hal_crc_ex.o
                0x0000000008001554                HAL_CRCEx_Polynomial_Set
 *fill*         0x0000000008001596        0x2 
 .text.HAL_GPIO_Init
                0x0000000008001598      0x16c ./Drivers/STM32L4xx_HAL_Driver/Src/stm32l4xx_hal_gpio.o
                0x0000000008001598                HAL_GPIO_Init
 .text.HAL_GPIO_WritePin
                0x0000000008001704        0xa ./Drivers/STM32L4xx_HAL_Driver/Src/stm32l4xx_hal_gpio.o
                0x0000000008001704                HAL_GPIO_WritePin
 *fill*         0x000000000800170e        0x2 
 .text.HAL_PWREx_GetVoltageRange
                0x0000000008001710       0x10 ./Drivers/STM32L4xx_HAL_Driver/Src/stm32l4xx_hal_pwr_ex.o
                0x0000000008001710                HAL_PWREx_GetVoltageRange
 .text.HAL_PWREx_ControlVoltageScaling
                0x0000000008001720       0x6c ./Drivers/STM32L4xx_HAL_Driver/Src/stm32l4xx_hal_pwr_ex.o
                0x0000000008001720                HAL_PWREx_ControlVoltageScaling
 .text.RCC_SetFlashLatencyFromMSIRange
                0x000000000800178c       0x84 ./Drivers/STM32L4xx_HAL_Driver/Src/stm32l4xx_hal_rcc.o
 .text.HAL_RCC_GetSysClockFreq
                0x0000000008001810       0x9c ./Drivers/STM32L4xx_HAL_Driver/Src/stm32l4xx_hal_rcc.o
                0x0000000008001810                HAL_RCC_GetSysClockFreq
 .text.HAL_RCC_OscConfig
                0x00000000080018ac      0x554 ./Drivers/STM32L4xx_HAL_Driver/Src/stm32l4xx_hal_rcc.o
                0x00000000080018ac                HAL_RCC_OscConfig
 .text.HAL_RCC_ClockConfig
                0x0000000008001e00      0x128 ./Drivers/STM32L4xx_HAL_Driver/Src/stm32l4xx_hal_rcc.o
                0x0000000008001e00                HAL_RCC_ClockConfig
 .text.HAL_RCC_GetPCLK1Freq
                0x0000000008001f28       0x24 ./Drivers/STM32L4xx_HAL_Driver/Src/stm32l4xx_hal_rcc.o
                0x0000000008001f28                HAL_RCC_GetPCLK1Freq
 .text.HAL_RCC_GetPCLK2Freq
                0x0000000008001f4c       0x24 ./Drivers/STM32L4xx_HAL_Driver/Src/stm32l4xx_hal_rcc.o
                0x0000000008001f4c                HAL_RCC_GetPCLK2Freq
 .text.RCCEx_PLLSAI1_Config
                0x0000000008001f70      0x114 ./Drivers/STM32L4xx_HAL_Driver/Src/stm32l4xx_hal_rcc_ex.o
 .text.HAL_RCCEx_PeriphCLKConfig
                0x0000000008002084      0x284 ./Drivers/STM32L4xx_HAL_Driver/Src/stm32l4xx_hal_rcc_ex.o
                0x0000000008002084                HAL_RCCEx_PeriphCLKConfig
 .text.HAL_TIM_Base_Start
                0x0000000008002308       0x4c ./Drivers/STM32L4xx_HAL_Driver/Src/stm32l4xx_hal_tim.o
                0x0000000008002308                HAL_TIM_Base_Start
 .text.TIM_Base_SetConfig
                0x0000000008002354       0x74 ./Drivers/STM32L4xx_HAL_Driver/Src/stm32l4xx_hal_tim.o
                0x0000000008002354                TIM_Base_SetConfig
 .text.HAL_TIM_Base_Init
                0x00000000080023c8       0x60 ./Drivers/STM32L4xx_HAL_Driver/Src/stm32l4xx_hal_tim.o
                0x00000000080023c8                HAL_TIM_Base_Init
 .text.UART_SetConfig
                0x0000000008002428      0x1e0 ./Drivers/STM32L4xx_HAL_Driver/Src/stm32l4xx_hal_uart.o
                0x0000000008002428                UART_SetConfig
 .text.UART_AdvFeatureConfig
                0x0000000008002608       0xa8 ./Drivers/STM32L4xx_HAL_Driver/Src/stm32l4xx_hal_uart.o
                0x0000000008002608                UART_AdvFeatureConfig
 .text.UART_WaitOnFlagUntilTimeout
                0x00000000080026b0       0x8c ./Drivers/STM32L4xx_HAL_Driver/Src/stm32l4xx_hal_uart.o
                0x00000000080026b0                UART_WaitOnFlagUntilTimeout
 .text.HAL_UART_Transmit
                0x000000000800273c       0xb4 ./Drivers/STM32L4xx_HAL_Driver/Src/stm32l4xx_hal_uart.o
                0x000000000800273c                HAL_UART_Transmit
 .text.UART_CheckIdleState
                0x00000000080027f0       0x66 ./Drivers/STM32L4xx_HAL_Driver/Src/stm32l4xx_hal_uart.o
                0x00000000080027f0                UART_CheckIdleState
 .text.HAL_UART_Init
                0x0000000008002856       0x5c ./Drivers/STM32L4xx_HAL_Driver/Src/stm32l4xx_hal_uart.o
                0x0000000008002856                HAL_UART_Init
 *fill*         0x00000000080028b2        0x2 
 .text.ai_sine_model_create
                0x00000000080028b4       0x1c ./X-CUBE-AI/App/sine_model.o
                0x00000000080028b4                ai_sine_model_create
 .text.ai_sine_model_init
                0x00000000080028d0      0x10c ./X-CUBE-AI/App/sine_model.o
                0x00000000080028d0                ai_sine_model_init
 .text.ai_sine_model_run
                0x00000000080029dc        0x4 ./X-CUBE-AI/App/sine_model.o
                0x00000000080029dc                ai_sine_model_run
 .text.ai_sine_model_data_weights_get
                0x00000000080029e0        0x8 ./X-CUBE-AI/App/sine_model_data.o
                0x00000000080029e0                ai_sine_model_data_weights_get
 .text._ai_platform_acquire_crc
                0x00000000080029e8        0x4 ../Middlewares/ST/AI/Lib\NetworkRuntime700_CM4_GCC.a(ai_platform_interface.o)
                0x00000000080029e8                _ai_platform_acquire_crc
 .text._ai_platform_release_crc
                0x00000000080029ec        0x4 ../Middlewares/ST/AI/Lib\NetworkRuntime700_CM4_GCC.a(ai_platform_interface.o)
                0x00000000080029ec                _ai_platform_release_crc
 .text.ai_platform_get_weights_map
                0x00000000080029f0       0x68 ../Middlewares/ST/AI/Lib\NetworkRuntime700_CM4_GCC.a(ai_platform_interface.o)
                0x00000000080029f0                ai_platform_get_weights_map
 .text.ai_platform_get_activations_map
                0x0000000008002a58       0x68 ../Middlewares/ST/AI/Lib\NetworkRuntime700_CM4_GCC.a(ai_platform_interface.o)
                0x0000000008002a58                ai_platform_get_activations_map
 .text.ai_platform_network_create
                0x0000000008002ac0      0x1ac ../Middlewares/ST/AI/Lib\NetworkRuntime700_CM4_GCC.a(ai_platform_interface.o)
                0x0000000008002ac0                ai_platform_network_create
 .text.ai_platform_network_init
                0x0000000008002c6c      0x224 ../Middlewares/ST/AI/Lib\NetworkRuntime700_CM4_GCC.a(ai_platform_interface.o)
                0x0000000008002c6c                ai_platform_network_init
 .text.ai_platform_network_post_init
                0x0000000008002e90      0x128 ../Middlewares/ST/AI/Lib\NetworkRuntime700_CM4_GCC.a(ai_platform_interface.o)
                0x0000000008002e90                ai_platform_network_post_init
 .text.ai_platform_network_process
                0x0000000008002fb8      0x4fc ../Middlewares/ST/AI/Lib\NetworkRuntime700_CM4_GCC.a(ai_platform_interface.o)
                0x0000000008002fb8                ai_platform_network_process
 .text.core_init
                0x00000000080034b4        0x4 ../Middlewares/ST/AI/Lib\NetworkRuntime700_CM4_GCC.a(core_common.o)
                0x00000000080034b4                core_init
 .text.core_set_error
                0x00000000080034b8       0x18 ../Middlewares/ST/AI/Lib\NetworkRuntime700_CM4_GCC.a(core_common.o)
                0x00000000080034b8                core_set_error
 .text.ai_dict8_dot_array_f32
                0x00000000080034d0      0x19c ../Middlewares/ST/AI/Lib\NetworkRuntime700_CM4_GCC.a(layers_conv2d_generic_float.o)
                0x00000000080034d0                ai_dict8_dot_array_f32
 .text.ai_dict4_dot_array_f32
                0x000000000800366c      0x17c ../Middlewares/ST/AI/Lib\NetworkRuntime700_CM4_GCC.a(layers_conv2d_generic_float.o)
                0x000000000800366c                ai_dict4_dot_array_f32
 .text.forward_dense
                0x00000000080037e8      0x470 ../Middlewares/ST/AI/Lib\NetworkRuntime700_CM4_GCC.a(layers_conv2d_generic_float.o)
                0x00000000080037e8                forward_dense
 .text.nl_func_relu_generic_array_f32
                0x0000000008003c58       0xfc ../Middlewares/ST/AI/Lib\NetworkRuntime700_CM4_GCC.a(layers_nl_generic_float.o)
                0x0000000008003c58                nl_func_relu_generic_array_f32
 .text.forward_relu
                0x0000000008003d54      0x124 ../Middlewares/ST/AI/Lib\NetworkRuntime700_CM4_GCC.a(layers_nl_generic_float.o)
                0x0000000008003d54                forward_relu
 .text.ai_check_custom_types
                0x0000000008003e78       0x54 ../Middlewares/ST/AI/Lib\NetworkRuntime700_CM4_GCC.a(layers.o)
                0x0000000008003e78                ai_check_custom_types
 .text.ai_layers_init_all
                0x0000000008003ecc       0x28 ../Middlewares/ST/AI/Lib\NetworkRuntime700_CM4_GCC.a(layers.o)
                0x0000000008003ecc                ai_layers_init_all
 .text.ai_layers_post_init_all
                0x0000000008003ef4       0x30 ../Middlewares/ST/AI/Lib\NetworkRuntime700_CM4_GCC.a(layers.o)
                0x0000000008003ef4                ai_layers_post_init_all
 .text.ai_layers_forward_all
                0x0000000008003f24       0x9c ../Middlewares/ST/AI/Lib\NetworkRuntime700_CM4_GCC.a(layers.o)
                0x0000000008003f24                ai_layers_forward_all
 .text.ai_array_to_buffer_fmt
                0x0000000008003fc0       0xb0 ../Middlewares/ST/AI/Lib\NetworkRuntime700_CM4_GCC.a(ai_datatypes_format.o)
                0x0000000008003fc0                ai_array_to_buffer_fmt
 .text.ai_array_get_byte_size
                0x0000000008004070       0x44 ../Middlewares/ST/AI/Lib\NetworkRuntime700_CM4_GCC.a(ai_datatypes_format.o)
                0x0000000008004070                ai_array_get_byte_size
 .text.__errno  0x00000000080040b4        0xc c:/st/stm32cubeide_1.7.0/stm32cubeide/plugins/com.st.stm32cube.ide.mcu.externaltools.gnu-tools-for-stm32.9-2020-q2-update.win32_2.0.0.202105311346/tools/bin/../lib/gcc/arm-none-eabi/9.3.1/../../../../arm-none-eabi/lib/thumb/v7e-m+fp/hard\libc_nano.a(lib_a-errno.o)
                0x00000000080040b4                __errno
 .text.__libc_init_array
                0x00000000080040c0       0x48 c:/st/stm32cubeide_1.7.0/stm32cubeide/plugins/com.st.stm32cube.ide.mcu.externaltools.gnu-tools-for-stm32.9-2020-q2-update.win32_2.0.0.202105311346/tools/bin/../lib/gcc/arm-none-eabi/9.3.1/../../../../arm-none-eabi/lib/thumb/v7e-m+fp/hard\libc_nano.a(lib_a-init.o)
                0x00000000080040c0                __libc_init_array
 .text.malloc   0x0000000008004108       0x10 c:/st/stm32cubeide_1.7.0/stm32cubeide/plugins/com.st.stm32cube.ide.mcu.externaltools.gnu-tools-for-stm32.9-2020-q2-update.win32_2.0.0.202105311346/tools/bin/../lib/gcc/arm-none-eabi/9.3.1/../../../../arm-none-eabi/lib/thumb/v7e-m+fp/hard\libc_nano.a(lib_a-malloc.o)
                0x0000000008004108                malloc
 .text.memcpy   0x0000000008004118       0x1c c:/st/stm32cubeide_1.7.0/stm32cubeide/plugins/com.st.stm32cube.ide.mcu.externaltools.gnu-tools-for-stm32.9-2020-q2-update.win32_2.0.0.202105311346/tools/bin/../lib/gcc/arm-none-eabi/9.3.1/../../../../arm-none-eabi/lib/thumb/v7e-m+fp/hard\libc_nano.a(lib_a-memcpy-stub.o)
                0x0000000008004118                memcpy
 .text.memset   0x0000000008004134       0x10 c:/st/stm32cubeide_1.7.0/stm32cubeide/plugins/com.st.stm32cube.ide.mcu.externaltools.gnu-tools-for-stm32.9-2020-q2-update.win32_2.0.0.202105311346/tools/bin/../lib/gcc/arm-none-eabi/9.3.1/../../../../arm-none-eabi/lib/thumb/v7e-m+fp/hard\libc_nano.a(lib_a-memset.o)
                0x0000000008004134                memset
 .text._free_r  0x0000000008004144       0xa0 c:/st/stm32cubeide_1.7.0/stm32cubeide/plugins/com.st.stm32cube.ide.mcu.externaltools.gnu-tools-for-stm32.9-2020-q2-update.win32_2.0.0.202105311346/tools/bin/../lib/gcc/arm-none-eabi/9.3.1/../../../../arm-none-eabi/lib/thumb/v7e-m+fp/hard\libc_nano.a(lib_a-nano-freer.o)
                0x0000000008004144                _free_r
 .text._malloc_r
                0x00000000080041e4       0xb4 c:/st/stm32cubeide_1.7.0/stm32cubeide/plugins/com.st.stm32cube.ide.mcu.externaltools.gnu-tools-for-stm32.9-2020-q2-update.win32_2.0.0.202105311346/tools/bin/../lib/gcc/arm-none-eabi/9.3.1/../../../../arm-none-eabi/lib/thumb/v7e-m+fp/hard\libc_nano.a(lib_a-nano-mallocr.o)
                0x00000000080041e4                _malloc_r
 .text.__cvt    0x0000000008004298       0xc4 c:/st/stm32cubeide_1.7.0/stm32cubeide/plugins/com.st.stm32cube.ide.mcu.externaltools.gnu-tools-for-stm32.9-2020-q2-update.win32_2.0.0.202105311346/tools/bin/../lib/gcc/arm-none-eabi/9.3.1/../../../../arm-none-eabi/lib/thumb/v7e-m+fp/hard\libc_nano.a(lib_a-nano-vfprintf_float.o)
                0x0000000008004298                __cvt
 .text.__exponent
                0x000000000800435c       0x7c c:/st/stm32cubeide_1.7.0/stm32cubeide/plugins/com.st.stm32cube.ide.mcu.externaltools.gnu-tools-for-stm32.9-2020-q2-update.win32_2.0.0.202105311346/tools/bin/../lib/gcc/arm-none-eabi/9.3.1/../../../../arm-none-eabi/lib/thumb/v7e-m+fp/hard\libc_nano.a(lib_a-nano-vfprintf_float.o)
                0x000000000800435c                __exponent
 .text._printf_float
                0x00000000080043d8      0x46c c:/st/stm32cubeide_1.7.0/stm32cubeide/plugins/com.st.stm32cube.ide.mcu.externaltools.gnu-tools-for-stm32.9-2020-q2-update.win32_2.0.0.202105311346/tools/bin/../lib/gcc/arm-none-eabi/9.3.1/../../../../arm-none-eabi/lib/thumb/v7e-m+fp/hard\libc_nano.a(lib_a-nano-vfprintf_float.o)
                0x00000000080043d8                _printf_float
 .text._printf_common
                0x0000000008004844       0xda c:/st/stm32cubeide_1.7.0/stm32cubeide/plugins/com.st.stm32cube.ide.mcu.externaltools.gnu-tools-for-stm32.9-2020-q2-update.win32_2.0.0.202105311346/tools/bin/../lib/gcc/arm-none-eabi/9.3.1/../../../../arm-none-eabi/lib/thumb/v7e-m+fp/hard\libc_nano.a(lib_a-nano-vfprintf_i.o)
                0x0000000008004844                _printf_common
 *fill*         0x000000000800491e        0x2 
 .text._printf_i
                0x0000000008004920      0x24c c:/st/stm32cubeide_1.7.0/stm32cubeide/plugins/com.st.stm32cube.ide.mcu.externaltools.gnu-tools-for-stm32.9-2020-q2-update.win32_2.0.0.202105311346/tools/bin/../lib/gcc/arm-none-eabi/9.3.1/../../../../arm-none-eabi/lib/thumb/v7e-m+fp/hard\libc_nano.a(lib_a-nano-vfprintf_i.o)
                0x0000000008004920                _printf_i
 .text._sbrk_r  0x0000000008004b6c       0x20 c:/st/stm32cubeide_1.7.0/stm32cubeide/plugins/com.st.stm32cube.ide.mcu.externaltools.gnu-tools-for-stm32.9-2020-q2-update.win32_2.0.0.202105311346/tools/bin/../lib/gcc/arm-none-eabi/9.3.1/../../../../arm-none-eabi/lib/thumb/v7e-m+fp/hard\libc_nano.a(lib_a-sbrkr.o)
                0x0000000008004b6c                _sbrk_r
 .text.sprintf  0x0000000008004b8c       0x40 c:/st/stm32cubeide_1.7.0/stm32cubeide/plugins/com.st.stm32cube.ide.mcu.externaltools.gnu-tools-for-stm32.9-2020-q2-update.win32_2.0.0.202105311346/tools/bin/../lib/gcc/arm-none-eabi/9.3.1/../../../../arm-none-eabi/lib/thumb/v7e-m+fp/hard\libc_nano.a(lib_a-sprintf.o)
                0x0000000008004b8c                siprintf
                0x0000000008004b8c                sprintf
 .text.strcpy   0x0000000008004bcc       0x10 c:/st/stm32cubeide_1.7.0/stm32cubeide/plugins/com.st.stm32cube.ide.mcu.externaltools.gnu-tools-for-stm32.9-2020-q2-update.win32_2.0.0.202105311346/tools/bin/../lib/gcc/arm-none-eabi/9.3.1/../../../../arm-none-eabi/lib/thumb/v7e-m+fp/hard\libc_nano.a(lib_a-strcpy.o)
                0x0000000008004bcc                strcpy
 .text.quorem   0x0000000008004bdc      0x116 c:/st/stm32cubeide_1.7.0/stm32cubeide/plugins/com.st.stm32cube.ide.mcu.externaltools.gnu-tools-for-stm32.9-2020-q2-update.win32_2.0.0.202105311346/tools/bin/../lib/gcc/arm-none-eabi/9.3.1/../../../../arm-none-eabi/lib/thumb/v7e-m+fp/hard\libc_nano.a(lib_a-dtoa.o)
 *fill*         0x0000000008004cf2        0x6 
 .text._dtoa_r  0x0000000008004cf8      0xbd8 c:/st/stm32cubeide_1.7.0/stm32cubeide/plugins/com.st.stm32cube.ide.mcu.externaltools.gnu-tools-for-stm32.9-2020-q2-update.win32_2.0.0.202105311346/tools/bin/../lib/gcc/arm-none-eabi/9.3.1/../../../../arm-none-eabi/lib/thumb/v7e-m+fp/hard\libc_nano.a(lib_a-dtoa.o)
                0x0000000008004cf8                _dtoa_r
 .text._localeconv_r
                0x00000000080058d0        0x8 c:/st/stm32cubeide_1.7.0/stm32cubeide/plugins/com.st.stm32cube.ide.mcu.externaltools.gnu-tools-for-stm32.9-2020-q2-update.win32_2.0.0.202105311346/tools/bin/../lib/gcc/arm-none-eabi/9.3.1/../../../../arm-none-eabi/lib/thumb/v7e-m+fp/hard\libc_nano.a(lib_a-localeconv.o)
                0x00000000080058d0                _localeconv_r
 .text.__malloc_lock
                0x00000000080058d8        0xc c:/st/stm32cubeide_1.7.0/stm32cubeide/plugins/com.st.stm32cube.ide.mcu.externaltools.gnu-tools-for-stm32.9-2020-q2-update.win32_2.0.0.202105311346/tools/bin/../lib/gcc/arm-none-eabi/9.3.1/../../../../arm-none-eabi/lib/thumb/v7e-m+fp/hard\libc_nano.a(lib_a-mlock.o)
                0x00000000080058d8                __malloc_lock
 .text.__malloc_unlock
                0x00000000080058e4        0xc c:/st/stm32cubeide_1.7.0/stm32cubeide/plugins/com.st.stm32cube.ide.mcu.externaltools.gnu-tools-for-stm32.9-2020-q2-update.win32_2.0.0.202105311346/tools/bin/../lib/gcc/arm-none-eabi/9.3.1/../../../../arm-none-eabi/lib/thumb/v7e-m+fp/hard\libc_nano.a(lib_a-mlock.o)
                0x00000000080058e4                __malloc_unlock
 .text._Balloc  0x00000000080058f0       0x80 c:/st/stm32cubeide_1.7.0/stm32cubeide/plugins/com.st.stm32cube.ide.mcu.externaltools.gnu-tools-for-stm32.9-2020-q2-update.win32_2.0.0.202105311346/tools/bin/../lib/gcc/arm-none-eabi/9.3.1/../../../../arm-none-eabi/lib/thumb/v7e-m+fp/hard\libc_nano.a(lib_a-mprec.o)
                0x00000000080058f0                _Balloc
 .text._Bfree   0x0000000008005970       0x44 c:/st/stm32cubeide_1.7.0/stm32cubeide/plugins/com.st.stm32cube.ide.mcu.externaltools.gnu-tools-for-stm32.9-2020-q2-update.win32_2.0.0.202105311346/tools/bin/../lib/gcc/arm-none-eabi/9.3.1/../../../../arm-none-eabi/lib/thumb/v7e-m+fp/hard\libc_nano.a(lib_a-mprec.o)
                0x0000000008005970                _Bfree
 .text.__multadd
                0x00000000080059b4       0x94 c:/st/stm32cubeide_1.7.0/stm32cubeide/plugins/com.st.stm32cube.ide.mcu.externaltools.gnu-tools-for-stm32.9-2020-q2-update.win32_2.0.0.202105311346/tools/bin/../lib/gcc/arm-none-eabi/9.3.1/../../../../arm-none-eabi/lib/thumb/v7e-m+fp/hard\libc_nano.a(lib_a-mprec.o)
                0x00000000080059b4                __multadd
 .text.__hi0bits
                0x0000000008005a48       0x40 c:/st/stm32cubeide_1.7.0/stm32cubeide/plugins/com.st.stm32cube.ide.mcu.externaltools.gnu-tools-for-stm32.9-2020-q2-update.win32_2.0.0.202105311346/tools/bin/../lib/gcc/arm-none-eabi/9.3.1/../../../../arm-none-eabi/lib/thumb/v7e-m+fp/hard\libc_nano.a(lib_a-mprec.o)
                0x0000000008005a48                __hi0bits
 .text.__lo0bits
                0x0000000008005a88       0x60 c:/st/stm32cubeide_1.7.0/stm32cubeide/plugins/com.st.stm32cube.ide.mcu.externaltools.gnu-tools-for-stm32.9-2020-q2-update.win32_2.0.0.202105311346/tools/bin/../lib/gcc/arm-none-eabi/9.3.1/../../../../arm-none-eabi/lib/thumb/v7e-m+fp/hard\libc_nano.a(lib_a-mprec.o)
                0x0000000008005a88                __lo0bits
 .text.__i2b    0x0000000008005ae8       0x2c c:/st/stm32cubeide_1.7.0/stm32cubeide/plugins/com.st.stm32cube.ide.mcu.externaltools.gnu-tools-for-stm32.9-2020-q2-update.win32_2.0.0.202105311346/tools/bin/../lib/gcc/arm-none-eabi/9.3.1/../../../../arm-none-eabi/lib/thumb/v7e-m+fp/hard\libc_nano.a(lib_a-mprec.o)
                0x0000000008005ae8                __i2b
 .text.__multiply
                0x0000000008005b14      0x14c c:/st/stm32cubeide_1.7.0/stm32cubeide/plugins/com.st.stm32cube.ide.mcu.externaltools.gnu-tools-for-stm32.9-2020-q2-update.win32_2.0.0.202105311346/tools/bin/../lib/gcc/arm-none-eabi/9.3.1/../../../../arm-none-eabi/lib/thumb/v7e-m+fp/hard\libc_nano.a(lib_a-mprec.o)
                0x0000000008005b14                __multiply
 .text.__pow5mult
                0x0000000008005c60       0xb4 c:/st/stm32cubeide_1.7.0/stm32cubeide/plugins/com.st.stm32cube.ide.mcu.externaltools.gnu-tools-for-stm32.9-2020-q2-update.win32_2.0.0.202105311346/tools/bin/../lib/gcc/arm-none-eabi/9.3.1/../../../../arm-none-eabi/lib/thumb/v7e-m+fp/hard\libc_nano.a(lib_a-mprec.o)
                0x0000000008005c60                __pow5mult
 .text.__lshift
                0x0000000008005d14       0xd8 c:/st/stm32cubeide_1.7.0/stm32cubeide/plugins/com.st.stm32cube.ide.mcu.externaltools.gnu-tools-for-stm32.9-2020-q2-update.win32_2.0.0.202105311346/tools/bin/../lib/gcc/arm-none-eabi/9.3.1/../../../../arm-none-eabi/lib/thumb/v7e-m+fp/hard\libc_nano.a(lib_a-mprec.o)
                0x0000000008005d14                __lshift
 .text.__mcmp   0x0000000008005dec       0x38 c:/st/stm32cubeide_1.7.0/stm32cubeide/plugins/com.st.stm32cube.ide.mcu.externaltools.gnu-tools-for-stm32.9-2020-q2-update.win32_2.0.0.202105311346/tools/bin/../lib/gcc/arm-none-eabi/9.3.1/../../../../arm-none-eabi/lib/thumb/v7e-m+fp/hard\libc_nano.a(lib_a-mprec.o)
                0x0000000008005dec                __mcmp
 .text.__mdiff  0x0000000008005e24      0x110 c:/st/stm32cubeide_1.7.0/stm32cubeide/plugins/com.st.stm32cube.ide.mcu.externaltools.gnu-tools-for-stm32.9-2020-q2-update.win32_2.0.0.202105311346/tools/bin/../lib/gcc/arm-none-eabi/9.3.1/../../../../arm-none-eabi/lib/thumb/v7e-m+fp/hard\libc_nano.a(lib_a-mprec.o)
                0x0000000008005e24                __mdiff
 .text.__d2b    0x0000000008005f34       0xb8 c:/st/stm32cubeide_1.7.0/stm32cubeide/plugins/com.st.stm32cube.ide.mcu.externaltools.gnu-tools-for-stm32.9-2020-q2-update.win32_2.0.0.202105311346/tools/bin/../lib/gcc/arm-none-eabi/9.3.1/../../../../arm-none-eabi/lib/thumb/v7e-m+fp/hard\libc_nano.a(lib_a-mprec.o)
                0x0000000008005f34                __d2b
 .text._calloc_r
                0x0000000008005fec       0x1e c:/st/stm32cubeide_1.7.0/stm32cubeide/plugins/com.st.stm32cube.ide.mcu.externaltools.gnu-tools-for-stm32.9-2020-q2-update.win32_2.0.0.202105311346/tools/bin/../lib/gcc/arm-none-eabi/9.3.1/../../../../arm-none-eabi/lib/thumb/v7e-m+fp/hard\libc_nano.a(lib_a-nano-callocr.o)
                0x0000000008005fec                _calloc_r
 .text._realloc_r
                0x000000000800600a       0x4c c:/st/stm32cubeide_1.7.0/stm32cubeide/plugins/com.st.stm32cube.ide.mcu.externaltools.gnu-tools-for-stm32.9-2020-q2-update.win32_2.0.0.202105311346/tools/bin/../lib/gcc/arm-none-eabi/9.3.1/../../../../arm-none-eabi/lib/thumb/v7e-m+fp/hard\libc_nano.a(lib_a-nano-reallocr.o)
                0x000000000800600a                _realloc_r
 .text.__ssputs_r
                0x0000000008006056       0xb6 c:/st/stm32cubeide_1.7.0/stm32cubeide/plugins/com.st.stm32cube.ide.mcu.externaltools.gnu-tools-for-stm32.9-2020-q2-update.win32_2.0.0.202105311346/tools/bin/../lib/gcc/arm-none-eabi/9.3.1/../../../../arm-none-eabi/lib/thumb/v7e-m+fp/hard\libc_nano.a(lib_a-nano-svfprintf.o)
                0x0000000008006056                __ssputs_r
 .text._svfprintf_r
                0x000000000800610c      0x200 c:/st/stm32cubeide_1.7.0/stm32cubeide/plugins/com.st.stm32cube.ide.mcu.externaltools.gnu-tools-for-stm32.9-2020-q2-update.win32_2.0.0.202105311346/tools/bin/../lib/gcc/arm-none-eabi/9.3.1/../../../../arm-none-eabi/lib/thumb/v7e-m+fp/hard\libc_nano.a(lib_a-nano-svfprintf.o)
                0x000000000800610c                _svfiprintf_r
                0x000000000800610c                _svfprintf_r
 .text.__assert_func
                0x000000000800630c       0x3c c:/st/stm32cubeide_1.7.0/stm32cubeide/plugins/com.st.stm32cube.ide.mcu.externaltools.gnu-tools-for-stm32.9-2020-q2-update.win32_2.0.0.202105311346/tools/bin/../lib/gcc/arm-none-eabi/9.3.1/../../../../arm-none-eabi/lib/thumb/v7e-m+fp/hard\libc_nano.a(lib_a-assert.o)
                0x000000000800630c                __assert_func
 .text.fprintf  0x0000000008006348       0x24 c:/st/stm32cubeide_1.7.0/stm32cubeide/plugins/com.st.stm32cube.ide.mcu.externaltools.gnu-tools-for-stm32.9-2020-q2-update.win32_2.0.0.202105311346/tools/bin/../lib/gcc/arm-none-eabi/9.3.1/../../../../arm-none-eabi/lib/thumb/v7e-m+fp/hard\libc_nano.a(lib_a-fprintf.o)
                0x0000000008006348                fiprintf
                0x0000000008006348                fprintf
 .text.__retarget_lock_init_recursive
                0x000000000800636c        0x2 c:/st/stm32cubeide_1.7.0/stm32cubeide/plugins/com.st.stm32cube.ide.mcu.externaltools.gnu-tools-for-stm32.9-2020-q2-update.win32_2.0.0.202105311346/tools/bin/../lib/gcc/arm-none-eabi/9.3.1/../../../../arm-none-eabi/lib/thumb/v7e-m+fp/hard\libc_nano.a(lib_a-lock.o)
                0x000000000800636c                __retarget_lock_init_recursive
 .text.__retarget_lock_acquire_recursive
                0x000000000800636e        0x2 c:/st/stm32cubeide_1.7.0/stm32cubeide/plugins/com.st.stm32cube.ide.mcu.externaltools.gnu-tools-for-stm32.9-2020-q2-update.win32_2.0.0.202105311346/tools/bin/../lib/gcc/arm-none-eabi/9.3.1/../../../../arm-none-eabi/lib/thumb/v7e-m+fp/hard\libc_nano.a(lib_a-lock.o)
                0x000000000800636e                __retarget_lock_acquire_recursive
 .text.__retarget_lock_release_recursive
                0x0000000008006370        0x2 c:/st/stm32cubeide_1.7.0/stm32cubeide/plugins/com.st.stm32cube.ide.mcu.externaltools.gnu-tools-for-stm32.9-2020-q2-update.win32_2.0.0.202105311346/tools/bin/../lib/gcc/arm-none-eabi/9.3.1/../../../../arm-none-eabi/lib/thumb/v7e-m+fp/hard\libc_nano.a(lib_a-lock.o)
                0x0000000008006370                __retarget_lock_release_recursive
 .text.__ascii_mbtowc
                0x0000000008006372       0x24 c:/st/stm32cubeide_1.7.0/stm32cubeide/plugins/com.st.stm32cube.ide.mcu.externaltools.gnu-tools-for-stm32.9-2020-q2-update.win32_2.0.0.202105311346/tools/bin/../lib/gcc/arm-none-eabi/9.3.1/../../../../arm-none-eabi/lib/thumb/v7e-m+fp/hard\libc_nano.a(lib_a-mbtowc_r.o)
                0x0000000008006372                __ascii_mbtowc
 .text.memmove  0x0000000008006396       0x34 c:/st/stm32cubeide_1.7.0/stm32cubeide/plugins/com.st.stm32cube.ide.mcu.externaltools.gnu-tools-for-stm32.9-2020-q2-update.win32_2.0.0.202105311346/tools/bin/../lib/gcc/arm-none-eabi/9.3.1/../../../../arm-none-eabi/lib/thumb/v7e-m+fp/hard\libc_nano.a(lib_a-memmove.o)
                0x0000000008006396                memmove
 .text._malloc_usable_size_r
                0x00000000080063ca       0x10 c:/st/stm32cubeide_1.7.0/stm32cubeide/plugins/com.st.stm32cube.ide.mcu.externaltools.gnu-tools-for-stm32.9-2020-q2-update.win32_2.0.0.202105311346/tools/bin/../lib/gcc/arm-none-eabi/9.3.1/../../../../arm-none-eabi/lib/thumb/v7e-m+fp/hard\libc_nano.a(lib_a-nano-msizer.o)
                0x00000000080063ca                _malloc_usable_size_r
 .text.__sfputc_r
                0x00000000080063da       0x2e c:/st/stm32cubeide_1.7.0/stm32cubeide/plugins/com.st.stm32cube.ide.mcu.externaltools.gnu-tools-for-stm32.9-2020-q2-update.win32_2.0.0.202105311346/tools/bin/../lib/gcc/arm-none-eabi/9.3.1/../../../../arm-none-eabi/lib/thumb/v7e-m+fp/hard\libc_nano.a(lib_a-nano-vfprintf.o)
 .text.__sfputs_r
                0x0000000008006408       0x24 c:/st/stm32cubeide_1.7.0/stm32cubeide/plugins/com.st.stm32cube.ide.mcu.externaltools.gnu-tools-for-stm32.9-2020-q2-update.win32_2.0.0.202105311346/tools/bin/../lib/gcc/arm-none-eabi/9.3.1/../../../../arm-none-eabi/lib/thumb/v7e-m+fp/hard\libc_nano.a(lib_a-nano-vfprintf.o)
                0x0000000008006408                __sfputs_r
 .text._vfprintf_r
                0x000000000800642c      0x260 c:/st/stm32cubeide_1.7.0/stm32cubeide/plugins/com.st.stm32cube.ide.mcu.externaltools.gnu-tools-for-stm32.9-2020-q2-update.win32_2.0.0.202105311346/tools/bin/../lib/gcc/arm-none-eabi/9.3.1/../../../../arm-none-eabi/lib/thumb/v7e-m+fp/hard\libc_nano.a(lib_a-nano-vfprintf.o)
                0x000000000800642c                _vfprintf_r
                0x000000000800642c                _vfiprintf_r
 .text.__swbuf_r
                0x000000000800668c       0xa4 c:/st/stm32cubeide_1.7.0/stm32cubeide/plugins/com.st.stm32cube.ide.mcu.externaltools.gnu-tools-for-stm32.9-2020-q2-update.win32_2.0.0.202105311346/tools/bin/../lib/gcc/arm-none-eabi/9.3.1/../../../../arm-none-eabi/lib/thumb/v7e-m+fp/hard\libc_nano.a(lib_a-wbuf.o)
                0x000000000800668c                __swbuf_r
 .text.__ascii_wctomb
                0x0000000008006730       0x1a c:/st/stm32cubeide_1.7.0/stm32cubeide/plugins/com.st.stm32cube.ide.mcu.externaltools.gnu-tools-for-stm32.9-2020-q2-update.win32_2.0.0.202105311346/tools/bin/../lib/gcc/arm-none-eabi/9.3.1/../../../../arm-none-eabi/lib/thumb/v7e-m+fp/hard\libc_nano.a(lib_a-wctomb_r.o)
                0x0000000008006730                __ascii_wctomb
 *fill*         0x000000000800674a        0x2 
 .text.__swsetup_r
                0x000000000800674c       0xdc c:/st/stm32cubeide_1.7.0/stm32cubeide/plugins/com.st.stm32cube.ide.mcu.externaltools.gnu-tools-for-stm32.9-2020-q2-update.win32_2.0.0.202105311346/tools/bin/../lib/gcc/arm-none-eabi/9.3.1/../../../../arm-none-eabi/lib/thumb/v7e-m+fp/hard\libc_nano.a(lib_a-wsetup.o)
                0x000000000800674c                __swsetup_r
 .text.abort    0x0000000008006828        0xe c:/st/stm32cubeide_1.7.0/stm32cubeide/plugins/com.st.stm32cube.ide.mcu.externaltools.gnu-tools-for-stm32.9-2020-q2-update.win32_2.0.0.202105311346/tools/bin/../lib/gcc/arm-none-eabi/9.3.1/../../../../arm-none-eabi/lib/thumb/v7e-m+fp/hard\libc_nano.a(lib_a-abort.o)
                0x0000000008006828                abort
 *fill*         0x0000000008006836        0x2 
 .text.__sflush_r
                0x0000000008006838      0x10c c:/st/stm32cubeide_1.7.0/stm32cubeide/plugins/com.st.stm32cube.ide.mcu.externaltools.gnu-tools-for-stm32.9-2020-q2-update.win32_2.0.0.202105311346/tools/bin/../lib/gcc/arm-none-eabi/9.3.1/../../../../arm-none-eabi/lib/thumb/v7e-m+fp/hard\libc_nano.a(lib_a-fflush.o)
                0x0000000008006838                __sflush_r
 .text._fflush_r
                0x0000000008006944       0x78 c:/st/stm32cubeide_1.7.0/stm32cubeide/plugins/com.st.stm32cube.ide.mcu.externaltools.gnu-tools-for-stm32.9-2020-q2-update.win32_2.0.0.202105311346/tools/bin/../lib/gcc/arm-none-eabi/9.3.1/../../../../arm-none-eabi/lib/thumb/v7e-m+fp/hard\libc_nano.a(lib_a-fflush.o)
                0x0000000008006944                _fflush_r
 .text.std      0x00000000080069bc       0x48 c:/st/stm32cubeide_1.7.0/stm32cubeide/plugins/com.st.stm32cube.ide.mcu.externaltools.gnu-tools-for-stm32.9-2020-q2-update.win32_2.0.0.202105311346/tools/bin/../lib/gcc/arm-none-eabi/9.3.1/../../../../arm-none-eabi/lib/thumb/v7e-m+fp/hard\libc_nano.a(lib_a-findfp.o)
 .text._cleanup_r
                0x0000000008006a04        0xc c:/st/stm32cubeide_1.7.0/stm32cubeide/plugins/com.st.stm32cube.ide.mcu.externaltools.gnu-tools-for-stm32.9-2020-q2-update.win32_2.0.0.202105311346/tools/bin/../lib/gcc/arm-none-eabi/9.3.1/../../../../arm-none-eabi/lib/thumb/v7e-m+fp/hard\libc_nano.a(lib_a-findfp.o)
                0x0000000008006a04                _cleanup_r
 .text.__sfmoreglue
                0x0000000008006a10       0x2c c:/st/stm32cubeide_1.7.0/stm32cubeide/plugins/com.st.stm32cube.ide.mcu.externaltools.gnu-tools-for-stm32.9-2020-q2-update.win32_2.0.0.202105311346/tools/bin/../lib/gcc/arm-none-eabi/9.3.1/../../../../arm-none-eabi/lib/thumb/v7e-m+fp/hard\libc_nano.a(lib_a-findfp.o)
                0x0000000008006a10                __sfmoreglue
 .text.__sfp_lock_acquire
                0x0000000008006a3c        0xc c:/st/stm32cubeide_1.7.0/stm32cubeide/plugins/com.st.stm32cube.ide.mcu.externaltools.gnu-tools-for-stm32.9-2020-q2-update.win32_2.0.0.202105311346/tools/bin/../lib/gcc/arm-none-eabi/9.3.1/../../../../arm-none-eabi/lib/thumb/v7e-m+fp/hard\libc_nano.a(lib_a-findfp.o)
                0x0000000008006a3c                __sfp_lock_acquire
 .text.__sfp_lock_release
                0x0000000008006a48        0xc c:/st/stm32cubeide_1.7.0/stm32cubeide/plugins/com.st.stm32cube.ide.mcu.externaltools.gnu-tools-for-stm32.9-2020-q2-update.win32_2.0.0.202105311346/tools/bin/../lib/gcc/arm-none-eabi/9.3.1/../../../../arm-none-eabi/lib/thumb/v7e-m+fp/hard\libc_nano.a(lib_a-findfp.o)
                0x0000000008006a48                __sfp_lock_release
 .text.__sinit_lock_acquire
                0x0000000008006a54        0xc c:/st/stm32cubeide_1.7.0/stm32cubeide/plugins/com.st.stm32cube.ide.mcu.externaltools.gnu-tools-for-stm32.9-2020-q2-update.win32_2.0.0.202105311346/tools/bin/../lib/gcc/arm-none-eabi/9.3.1/../../../../arm-none-eabi/lib/thumb/v7e-m+fp/hard\libc_nano.a(lib_a-findfp.o)
                0x0000000008006a54                __sinit_lock_acquire
 .text.__sinit_lock_release
                0x0000000008006a60        0xc c:/st/stm32cubeide_1.7.0/stm32cubeide/plugins/com.st.stm32cube.ide.mcu.externaltools.gnu-tools-for-stm32.9-2020-q2-update.win32_2.0.0.202105311346/tools/bin/../lib/gcc/arm-none-eabi/9.3.1/../../../../arm-none-eabi/lib/thumb/v7e-m+fp/hard\libc_nano.a(lib_a-findfp.o)
                0x0000000008006a60                __sinit_lock_release
 .text.__sinit  0x0000000008006a6c       0x70 c:/st/stm32cubeide_1.7.0/stm32cubeide/plugins/com.st.stm32cube.ide.mcu.externaltools.gnu-tools-for-stm32.9-2020-q2-update.win32_2.0.0.202105311346/tools/bin/../lib/gcc/arm-none-eabi/9.3.1/../../../../arm-none-eabi/lib/thumb/v7e-m+fp/hard\libc_nano.a(lib_a-findfp.o)
                0x0000000008006a6c                __sinit
 .text.__sfp    0x0000000008006adc       0x8c c:/st/stm32cubeide_1.7.0/stm32cubeide/plugins/com.st.stm32cube.ide.mcu.externaltools.gnu-tools-for-stm32.9-2020-q2-update.win32_2.0.0.202105311346/tools/bin/../lib/gcc/arm-none-eabi/9.3.1/../../../../arm-none-eabi/lib/thumb/v7e-m+fp/hard\libc_nano.a(lib_a-findfp.o)
                0x0000000008006adc                __sfp
 .text._fwalk_reent
                0x0000000008006b68       0x3e c:/st/stm32cubeide_1.7.0/stm32cubeide/plugins/com.st.stm32cube.ide.mcu.externaltools.gnu-tools-for-stm32.9-2020-q2-update.win32_2.0.0.202105311346/tools/bin/../lib/gcc/arm-none-eabi/9.3.1/../../../../arm-none-eabi/lib/thumb/v7e-m+fp/hard\libc_nano.a(lib_a-fwalk.o)
                0x0000000008006b68                _fwalk_reent
 .text.__swhatbuf_r
                0x0000000008006ba6       0x48 c:/st/stm32cubeide_1.7.0/stm32cubeide/plugins/com.st.stm32cube.ide.mcu.externaltools.gnu-tools-for-stm32.9-2020-q2-update.win32_2.0.0.202105311346/tools/bin/../lib/gcc/arm-none-eabi/9.3.1/../../../../arm-none-eabi/lib/thumb/v7e-m+fp/hard\libc_nano.a(lib_a-makebuf.o)
                0x0000000008006ba6                __swhatbuf_r
 *fill*         0x0000000008006bee        0x2 
 .text.__smakebuf_r
                0x0000000008006bf0       0x80 c:/st/stm32cubeide_1.7.0/stm32cubeide/plugins/com.st.stm32cube.ide.mcu.externaltools.gnu-tools-for-stm32.9-2020-q2-update.win32_2.0.0.202105311346/tools/bin/../lib/gcc/arm-none-eabi/9.3.1/../../../../arm-none-eabi/lib/thumb/v7e-m+fp/hard\libc_nano.a(lib_a-makebuf.o)
                0x0000000008006bf0                __smakebuf_r
 .text._raise_r
                0x0000000008006c70       0x50 c:/st/stm32cubeide_1.7.0/stm32cubeide/plugins/com.st.stm32cube.ide.mcu.externaltools.gnu-tools-for-stm32.9-2020-q2-update.win32_2.0.0.202105311346/tools/bin/../lib/gcc/arm-none-eabi/9.3.1/../../../../arm-none-eabi/lib/thumb/v7e-m+fp/hard\libc_nano.a(lib_a-signal.o)
                0x0000000008006c70                _raise_r
 .text.raise    0x0000000008006cc0       0x10 c:/st/stm32cubeide_1.7.0/stm32cubeide/plugins/com.st.stm32cube.ide.mcu.externaltools.gnu-tools-for-stm32.9-2020-q2-update.win32_2.0.0.202105311346/tools/bin/../lib/gcc/arm-none-eabi/9.3.1/../../../../arm-none-eabi/lib/thumb/v7e-m+fp/hard\libc_nano.a(lib_a-signal.o)
                0x0000000008006cc0                raise
 .text._kill_r  0x0000000008006cd0       0x24 c:/st/stm32cubeide_1.7.0/stm32cubeide/plugins/com.st.stm32cube.ide.mcu.externaltools.gnu-tools-for-stm32.9-2020-q2-update.win32_2.0.0.202105311346/tools/bin/../lib/gcc/arm-none-eabi/9.3.1/../../../../arm-none-eabi/lib/thumb/v7e-m+fp/hard\libc_nano.a(lib_a-signalr.o)
                0x0000000008006cd0                _kill_r
 .text._getpid_r
                0x0000000008006cf4        0x4 c:/st/stm32cubeide_1.7.0/stm32cubeide/plugins/com.st.stm32cube.ide.mcu.externaltools.gnu-tools-for-stm32.9-2020-q2-update.win32_2.0.0.202105311346/tools/bin/../lib/gcc/arm-none-eabi/9.3.1/../../../../arm-none-eabi/lib/thumb/v7e-m+fp/hard\libc_nano.a(lib_a-signalr.o)
                0x0000000008006cf4                _getpid_r
 .text.__sread  0x0000000008006cf8       0x22 c:/st/stm32cubeide_1.7.0/stm32cubeide/plugins/com.st.stm32cube.ide.mcu.externaltools.gnu-tools-for-stm32.9-2020-q2-update.win32_2.0.0.202105311346/tools/bin/../lib/gcc/arm-none-eabi/9.3.1/../../../../arm-none-eabi/lib/thumb/v7e-m+fp/hard\libc_nano.a(lib_a-stdio.o)
                0x0000000008006cf8                __sread
 .text.__swrite
                0x0000000008006d1a       0x38 c:/st/stm32cubeide_1.7.0/stm32cubeide/plugins/com.st.stm32cube.ide.mcu.externaltools.gnu-tools-for-stm32.9-2020-q2-update.win32_2.0.0.202105311346/tools/bin/../lib/gcc/arm-none-eabi/9.3.1/../../../../arm-none-eabi/lib/thumb/v7e-m+fp/hard\libc_nano.a(lib_a-stdio.o)
                0x0000000008006d1a                __swrite
 .text.__sseek  0x0000000008006d52       0x24 c:/st/stm32cubeide_1.7.0/stm32cubeide/plugins/com.st.stm32cube.ide.mcu.externaltools.gnu-tools-for-stm32.9-2020-q2-update.win32_2.0.0.202105311346/tools/bin/../lib/gcc/arm-none-eabi/9.3.1/../../../../arm-none-eabi/lib/thumb/v7e-m+fp/hard\libc_nano.a(lib_a-stdio.o)
                0x0000000008006d52                __sseek
 .text.__sclose
                0x0000000008006d76        0x8 c:/st/stm32cubeide_1.7.0/stm32cubeide/plugins/com.st.stm32cube.ide.mcu.externaltools.gnu-tools-for-stm32.9-2020-q2-update.win32_2.0.0.202105311346/tools/bin/../lib/gcc/arm-none-eabi/9.3.1/../../../../arm-none-eabi/lib/thumb/v7e-m+fp/hard\libc_nano.a(lib_a-stdio.o)
                0x0000000008006d76                __sclose
 *fill*         0x0000000008006d7e        0x2 
 .text._write_r
                0x0000000008006d80       0x24 c:/st/stm32cubeide_1.7.0/stm32cubeide/plugins/com.st.stm32cube.ide.mcu.externaltools.gnu-tools-for-stm32.9-2020-q2-update.win32_2.0.0.202105311346/tools/bin/../lib/gcc/arm-none-eabi/9.3.1/../../../../arm-none-eabi/lib/thumb/v7e-m+fp/hard\libc_nano.a(lib_a-writer.o)
                0x0000000008006d80                _write_r
 .text._close_r
                0x0000000008006da4       0x20 c:/st/stm32cubeide_1.7.0/stm32cubeide/plugins/com.st.stm32cube.ide.mcu.externaltools.gnu-tools-for-stm32.9-2020-q2-update.win32_2.0.0.202105311346/tools/bin/../lib/gcc/arm-none-eabi/9.3.1/../../../../arm-none-eabi/lib/thumb/v7e-m+fp/hard\libc_nano.a(lib_a-closer.o)
                0x0000000008006da4                _close_r
 .text._fstat_r
                0x0000000008006dc4       0x24 c:/st/stm32cubeide_1.7.0/stm32cubeide/plugins/com.st.stm32cube.ide.mcu.externaltools.gnu-tools-for-stm32.9-2020-q2-update.win32_2.0.0.202105311346/tools/bin/../lib/gcc/arm-none-eabi/9.3.1/../../../../arm-none-eabi/lib/thumb/v7e-m+fp/hard\libc_nano.a(lib_a-fstatr.o)
                0x0000000008006dc4                _fstat_r
 .text._isatty_r
                0x0000000008006de8       0x20 c:/st/stm32cubeide_1.7.0/stm32cubeide/plugins/com.st.stm32cube.ide.mcu.externaltools.gnu-tools-for-stm32.9-2020-q2-update.win32_2.0.0.202105311346/tools/bin/../lib/gcc/arm-none-eabi/9.3.1/../../../../arm-none-eabi/lib/thumb/v7e-m+fp/hard\libc_nano.a(lib_a-isattyr.o)
                0x0000000008006de8                _isatty_r
 .text._lseek_r
                0x0000000008006e08       0x24 c:/st/stm32cubeide_1.7.0/stm32cubeide/plugins/com.st.stm32cube.ide.mcu.externaltools.gnu-tools-for-stm32.9-2020-q2-update.win32_2.0.0.202105311346/tools/bin/../lib/gcc/arm-none-eabi/9.3.1/../../../../arm-none-eabi/lib/thumb/v7e-m+fp/hard\libc_nano.a(lib_a-lseekr.o)
                0x0000000008006e08                _lseek_r
 .text._read_r  0x0000000008006e2c       0x24 c:/st/stm32cubeide_1.7.0/stm32cubeide/plugins/com.st.stm32cube.ide.mcu.externaltools.gnu-tools-for-stm32.9-2020-q2-update.win32_2.0.0.202105311346/tools/bin/../lib/gcc/arm-none-eabi/9.3.1/../../../../arm-none-eabi/lib/thumb/v7e-m+fp/hard\libc_nano.a(lib_a-readr.o)
                0x0000000008006e2c                _read_r
 .text._close   0x0000000008006e50       0x10 c:/st/stm32cubeide_1.7.0/stm32cubeide/plugins/com.st.stm32cube.ide.mcu.externaltools.gnu-tools-for-stm32.9-2020-q2-update.win32_2.0.0.202105311346/tools/bin/../lib/gcc/arm-none-eabi/9.3.1/../../../../arm-none-eabi/lib/thumb/v7e-m+fp/hard\libnosys.a(close.o)
                0x0000000008006e50                _close
 .text._fstat   0x0000000008006e60       0x10 c:/st/stm32cubeide_1.7.0/stm32cubeide/plugins/com.st.stm32cube.ide.mcu.externaltools.gnu-tools-for-stm32.9-2020-q2-update.win32_2.0.0.202105311346/tools/bin/../lib/gcc/arm-none-eabi/9.3.1/../../../../arm-none-eabi/lib/thumb/v7e-m+fp/hard\libnosys.a(fstat.o)
                0x0000000008006e60                _fstat
 .text._getpid  0x0000000008006e70       0x10 c:/st/stm32cubeide_1.7.0/stm32cubeide/plugins/com.st.stm32cube.ide.mcu.externaltools.gnu-tools-for-stm32.9-2020-q2-update.win32_2.0.0.202105311346/tools/bin/../lib/gcc/arm-none-eabi/9.3.1/../../../../arm-none-eabi/lib/thumb/v7e-m+fp/hard\libnosys.a(getpid.o)
                0x0000000008006e70                _getpid
 .text._isatty  0x0000000008006e80       0x10 c:/st/stm32cubeide_1.7.0/stm32cubeide/plugins/com.st.stm32cube.ide.mcu.externaltools.gnu-tools-for-stm32.9-2020-q2-update.win32_2.0.0.202105311346/tools/bin/../lib/gcc/arm-none-eabi/9.3.1/../../../../arm-none-eabi/lib/thumb/v7e-m+fp/hard\libnosys.a(isatty.o)
                0x0000000008006e80                _isatty
 .text._kill    0x0000000008006e90       0x10 c:/st/stm32cubeide_1.7.0/stm32cubeide/plugins/com.st.stm32cube.ide.mcu.externaltools.gnu-tools-for-stm32.9-2020-q2-update.win32_2.0.0.202105311346/tools/bin/../lib/gcc/arm-none-eabi/9.3.1/../../../../arm-none-eabi/lib/thumb/v7e-m+fp/hard\libnosys.a(kill.o)
                0x0000000008006e90                _kill
 .text._lseek   0x0000000008006ea0       0x10 c:/st/stm32cubeide_1.7.0/stm32cubeide/plugins/com.st.stm32cube.ide.mcu.externaltools.gnu-tools-for-stm32.9-2020-q2-update.win32_2.0.0.202105311346/tools/bin/../lib/gcc/arm-none-eabi/9.3.1/../../../../arm-none-eabi/lib/thumb/v7e-m+fp/hard\libnosys.a(lseek.o)
                0x0000000008006ea0                _lseek
 .text._read    0x0000000008006eb0       0x10 c:/st/stm32cubeide_1.7.0/stm32cubeide/plugins/com.st.stm32cube.ide.mcu.externaltools.gnu-tools-for-stm32.9-2020-q2-update.win32_2.0.0.202105311346/tools/bin/../lib/gcc/arm-none-eabi/9.3.1/../../../../arm-none-eabi/lib/thumb/v7e-m+fp/hard\libnosys.a(read.o)
                0x0000000008006eb0                _read
 .text._write   0x0000000008006ec0       0x10 c:/st/stm32cubeide_1.7.0/stm32cubeide/plugins/com.st.stm32cube.ide.mcu.externaltools.gnu-tools-for-stm32.9-2020-q2-update.win32_2.0.0.202105311346/tools/bin/../lib/gcc/arm-none-eabi/9.3.1/../../../../arm-none-eabi/lib/thumb/v7e-m+fp/hard\libnosys.a(write.o)
                0x0000000008006ec0                _write
 .text._exit    0x0000000008006ed0        0x2 c:/st/stm32cubeide_1.7.0/stm32cubeide/plugins/com.st.stm32cube.ide.mcu.externaltools.gnu-tools-for-stm32.9-2020-q2-update.win32_2.0.0.202105311346/tools/bin/../lib/gcc/arm-none-eabi/9.3.1/../../../../arm-none-eabi/lib/thumb/v7e-m+fp/hard\libnosys.a(_exit.o)
                0x0000000008006ed0                _exit
 *(.glue_7)
 .glue_7        0x0000000008006ed2        0x0 linker stubs
 *(.glue_7t)
 .glue_7t       0x0000000008006ed2        0x0 linker stubs
 *(.eh_frame)
 *fill*         0x0000000008006ed2        0x2 
 .eh_frame      0x0000000008006ed4        0x0 c:/st/stm32cubeide_1.7.0/stm32cubeide/plugins/com.st.stm32cube.ide.mcu.externaltools.gnu-tools-for-stm32.9-2020-q2-update.win32_2.0.0.202105311346/tools/bin/../lib/gcc/arm-none-eabi/9.3.1/thumb/v7e-m+fp/hard/crtbegin.o
 *(.init)
 .init          0x0000000008006ed4        0x4 c:/st/stm32cubeide_1.7.0/stm32cubeide/plugins/com.st.stm32cube.ide.mcu.externaltools.gnu-tools-for-stm32.9-2020-q2-update.win32_2.0.0.202105311346/tools/bin/../lib/gcc/arm-none-eabi/9.3.1/thumb/v7e-m+fp/hard/crti.o
                0x0000000008006ed4                _init
 .init          0x0000000008006ed8        0x8 c:/st/stm32cubeide_1.7.0/stm32cubeide/plugins/com.st.stm32cube.ide.mcu.externaltools.gnu-tools-for-stm32.9-2020-q2-update.win32_2.0.0.202105311346/tools/bin/../lib/gcc/arm-none-eabi/9.3.1/thumb/v7e-m+fp/hard/crtn.o
 *(.fini)
 .fini          0x0000000008006ee0        0x4 c:/st/stm32cubeide_1.7.0/stm32cubeide/plugins/com.st.stm32cube.ide.mcu.externaltools.gnu-tools-for-stm32.9-2020-q2-update.win32_2.0.0.202105311346/tools/bin/../lib/gcc/arm-none-eabi/9.3.1/thumb/v7e-m+fp/hard/crti.o
                0x0000000008006ee0                _fini
 .fini          0x0000000008006ee4        0x8 c:/st/stm32cubeide_1.7.0/stm32cubeide/plugins/com.st.stm32cube.ide.mcu.externaltools.gnu-tools-for-stm32.9-2020-q2-update.win32_2.0.0.202105311346/tools/bin/../lib/gcc/arm-none-eabi/9.3.1/thumb/v7e-m+fp/hard/crtn.o
                0x0000000008006eec                . = ALIGN (0x4)
                0x0000000008006eec                _etext = .

.vfp11_veneer   0x0000000008006eec        0x0
 .vfp11_veneer  0x0000000008006eec        0x0 linker stubs

.v4_bx          0x0000000008006eec        0x0
 .v4_bx         0x0000000008006eec        0x0 linker stubs

.iplt           0x0000000008006eec        0x0
 .iplt          0x0000000008006eec        0x0 c:/st/stm32cubeide_1.7.0/stm32cubeide/plugins/com.st.stm32cube.ide.mcu.externaltools.gnu-tools-for-stm32.9-2020-q2-update.win32_2.0.0.202105311346/tools/bin/../lib/gcc/arm-none-eabi/9.3.1/thumb/v7e-m+fp/hard/crtbegin.o

.rodata         0x0000000008006f00      0xa34
                0x0000000008006f00                . = ALIGN (0x4)
 *(.rodata)
 .rodata        0x0000000008006f00       0x18 ./Core/Src/main.o
 .rodata        0x0000000008006f18        0x4 ../Middlewares/ST/AI/Lib\NetworkRuntime700_CM4_GCC.a(layers.o)
 *(.rodata*)
 .rodata.main.str1.1
                0x0000000008006f1c       0xa0 ./Core/Src/main.o
 .rodata.AHBPrescTable
                0x0000000008006fbc       0x10 ./Core/Src/system_stm32l4xx.o
                0x0000000008006fbc                AHBPrescTable
 .rodata.APBPrescTable
                0x0000000008006fcc        0x8 ./Core/Src/system_stm32l4xx.o
                0x0000000008006fcc                APBPrescTable
 .rodata.MSIRangeTable
                0x0000000008006fd4       0x30 ./Core/Src/system_stm32l4xx.o
                0x0000000008006fd4                MSIRangeTable
 .rodata.CSWTCH.51
                0x0000000008007004        0x3 ./Drivers/STM32L4xx_HAL_Driver/Src/stm32l4xx_hal_uart.o
 .rodata.CSWTCH.52
                0x0000000008007007        0xd ./Drivers/STM32L4xx_HAL_Driver/Src/stm32l4xx_hal_uart.o
 .rodata.dense_0_chain
                0x0000000008007014        0x8 ./X-CUBE-AI/App/sine_model.o
 .rodata.dense_1_chain
                0x000000000800701c        0x8 ./X-CUBE-AI/App/sine_model.o
 .rodata.dense_2_chain
                0x0000000008007024        0x8 ./X-CUBE-AI/App/sine_model.o
 .rodata.nl_0_nl_chain
                0x000000000800702c        0x8 ./X-CUBE-AI/App/sine_model.o
 .rodata.nl_1_nl_chain
                0x0000000008007034        0x8 ./X-CUBE-AI/App/sine_model.o
 *fill*         0x000000000800703c        0x4 
 .rodata.s_sine_model_weights_array_u64
                0x0000000008007040      0x508 ./X-CUBE-AI/App/sine_model_data.o
                0x0000000008007040                s_sine_model_weights_array_u64
 .rodata.s_sine_model_weights_map.6537
                0x0000000008007548        0xc ./X-CUBE-AI/App/sine_model_data.o
 .rodata._global_impure_ptr
                0x0000000008007554        0x4 c:/st/stm32cubeide_1.7.0/stm32cubeide/plugins/com.st.stm32cube.ide.mcu.externaltools.gnu-tools-for-stm32.9-2020-q2-update.win32_2.0.0.202105311346/tools/bin/../lib/gcc/arm-none-eabi/9.3.1/../../../../arm-none-eabi/lib/thumb/v7e-m+fp/hard\libc_nano.a(lib_a-impure.o)
                0x0000000008007554                _global_impure_ptr
 .rodata._printf_float.str1.1
                0x0000000008007558       0x12 c:/st/stm32cubeide_1.7.0/stm32cubeide/plugins/com.st.stm32cube.ide.mcu.externaltools.gnu-tools-for-stm32.9-2020-q2-update.win32_2.0.0.202105311346/tools/bin/../lib/gcc/arm-none-eabi/9.3.1/../../../../arm-none-eabi/lib/thumb/v7e-m+fp/hard\libc_nano.a(lib_a-nano-vfprintf_float.o)
 .rodata._printf_i.str1.1
                0x000000000800756a       0x22 c:/st/stm32cubeide_1.7.0/stm32cubeide/plugins/com.st.stm32cube.ide.mcu.externaltools.gnu-tools-for-stm32.9-2020-q2-update.win32_2.0.0.202105311346/tools/bin/../lib/gcc/arm-none-eabi/9.3.1/../../../../arm-none-eabi/lib/thumb/v7e-m+fp/hard\libc_nano.a(lib_a-nano-vfprintf_i.o)
 .rodata._dtoa_r.str1.1
                0x000000000800758c       0x94 c:/st/stm32cubeide_1.7.0/stm32cubeide/plugins/com.st.stm32cube.ide.mcu.externaltools.gnu-tools-for-stm32.9-2020-q2-update.win32_2.0.0.202105311346/tools/bin/../lib/gcc/arm-none-eabi/9.3.1/../../../../arm-none-eabi/lib/thumb/v7e-m+fp/hard\libc_nano.a(lib_a-dtoa.o)
                                         0x96 (size before relaxing)
 .rodata._Balloc.str1.1
                0x0000000008007620       0x60 c:/st/stm32cubeide_1.7.0/stm32cubeide/plugins/com.st.stm32cube.ide.mcu.externaltools.gnu-tools-for-stm32.9-2020-q2-update.win32_2.0.0.202105311346/tools/bin/../lib/gcc/arm-none-eabi/9.3.1/../../../../arm-none-eabi/lib/thumb/v7e-m+fp/hard\libc_nano.a(lib_a-mprec.o)
                                         0x77 (size before relaxing)
 .rodata.__multadd.str1.1
                0x0000000008007680       0x11 c:/st/stm32cubeide_1.7.0/stm32cubeide/plugins/com.st.stm32cube.ide.mcu.externaltools.gnu-tools-for-stm32.9-2020-q2-update.win32_2.0.0.202105311346/tools/bin/../lib/gcc/arm-none-eabi/9.3.1/../../../../arm-none-eabi/lib/thumb/v7e-m+fp/hard\libc_nano.a(lib_a-mprec.o)
 .rodata.__mprec_bigtens
                0x0000000008007680       0x28 c:/st/stm32cubeide_1.7.0/stm32cubeide/plugins/com.st.stm32cube.ide.mcu.externaltools.gnu-tools-for-stm32.9-2020-q2-update.win32_2.0.0.202105311346/tools/bin/../lib/gcc/arm-none-eabi/9.3.1/../../../../arm-none-eabi/lib/thumb/v7e-m+fp/hard\libc_nano.a(lib_a-mprec.o)
                0x0000000008007680                __mprec_bigtens
 .rodata.__mprec_tens
                0x00000000080076a8       0xc8 c:/st/stm32cubeide_1.7.0/stm32cubeide/plugins/com.st.stm32cube.ide.mcu.externaltools.gnu-tools-for-stm32.9-2020-q2-update.win32_2.0.0.202105311346/tools/bin/../lib/gcc/arm-none-eabi/9.3.1/../../../../arm-none-eabi/lib/thumb/v7e-m+fp/hard\libc_nano.a(lib_a-mprec.o)
                0x00000000080076a8                __mprec_tens
 .rodata.p05.7513
                0x0000000008007770        0xc c:/st/stm32cubeide_1.7.0/stm32cubeide/plugins/com.st.stm32cube.ide.mcu.externaltools.gnu-tools-for-stm32.9-2020-q2-update.win32_2.0.0.202105311346/tools/bin/../lib/gcc/arm-none-eabi/9.3.1/../../../../arm-none-eabi/lib/thumb/v7e-m+fp/hard\libc_nano.a(lib_a-mprec.o)
 .rodata._svfprintf_r.str1.1
                0x000000000800777c       0x11 c:/st/stm32cubeide_1.7.0/stm32cubeide/plugins/com.st.stm32cube.ide.mcu.externaltools.gnu-tools-for-stm32.9-2020-q2-update.win32_2.0.0.202105311346/tools/bin/../lib/gcc/arm-none-eabi/9.3.1/../../../../arm-none-eabi/lib/thumb/v7e-m+fp/hard\libc_nano.a(lib_a-nano-svfprintf.o)
 .rodata.__assert_func.str1.1
                0x000000000800778d       0x3c c:/st/stm32cubeide_1.7.0/stm32cubeide/plugins/com.st.stm32cube.ide.mcu.externaltools.gnu-tools-for-stm32.9-2020-q2-update.win32_2.0.0.202105311346/tools/bin/../lib/gcc/arm-none-eabi/9.3.1/../../../../arm-none-eabi/lib/thumb/v7e-m+fp/hard\libc_nano.a(lib_a-assert.o)
                                         0x3d (size before relaxing)
 .rodata._setlocale_r.str1.1
                0x00000000080077c9        0x8 c:/st/stm32cubeide_1.7.0/stm32cubeide/plugins/com.st.stm32cube.ide.mcu.externaltools.gnu-tools-for-stm32.9-2020-q2-update.win32_2.0.0.202105311346/tools/bin/../lib/gcc/arm-none-eabi/9.3.1/../../../../arm-none-eabi/lib/thumb/v7e-m+fp/hard\libc_nano.a(lib_a-locale.o)
                                          0x9 (size before relaxing)
 .rodata.str1.1
                0x00000000080077d1        0x2 c:/st/stm32cubeide_1.7.0/stm32cubeide/plugins/com.st.stm32cube.ide.mcu.externaltools.gnu-tools-for-stm32.9-2020-q2-update.win32_2.0.0.202105311346/tools/bin/../lib/gcc/arm-none-eabi/9.3.1/../../../../arm-none-eabi/lib/thumb/v7e-m+fp/hard\libc_nano.a(lib_a-locale.o)
 .rodata._vfprintf_r.str1.1
                0x00000000080077d3       0x11 c:/st/stm32cubeide_1.7.0/stm32cubeide/plugins/com.st.stm32cube.ide.mcu.externaltools.gnu-tools-for-stm32.9-2020-q2-update.win32_2.0.0.202105311346/tools/bin/../lib/gcc/arm-none-eabi/9.3.1/../../../../arm-none-eabi/lib/thumb/v7e-m+fp/hard\libc_nano.a(lib_a-nano-vfprintf.o)
 .rodata._ctype_
                0x00000000080077d3      0x101 c:/st/stm32cubeide_1.7.0/stm32cubeide/plugins/com.st.stm32cube.ide.mcu.externaltools.gnu-tools-for-stm32.9-2020-q2-update.win32_2.0.0.202105311346/tools/bin/../lib/gcc/arm-none-eabi/9.3.1/../../../../arm-none-eabi/lib/thumb/v7e-m+fp/hard\libc_nano.a(lib_a-ctype_.o)
                0x00000000080077d3                _ctype_
 .rodata.__sf_fake_stderr
                0x00000000080078d4       0x20 c:/st/stm32cubeide_1.7.0/stm32cubeide/plugins/com.st.stm32cube.ide.mcu.externaltools.gnu-tools-for-stm32.9-2020-q2-update.win32_2.0.0.202105311346/tools/bin/../lib/gcc/arm-none-eabi/9.3.1/../../../../arm-none-eabi/lib/thumb/v7e-m+fp/hard\libc_nano.a(lib_a-findfp.o)
                0x00000000080078d4                __sf_fake_stderr
 .rodata.__sf_fake_stdin
                0x00000000080078f4       0x20 c:/st/stm32cubeide_1.7.0/stm32cubeide/plugins/com.st.stm32cube.ide.mcu.externaltools.gnu-tools-for-stm32.9-2020-q2-update.win32_2.0.0.202105311346/tools/bin/../lib/gcc/arm-none-eabi/9.3.1/../../../../arm-none-eabi/lib/thumb/v7e-m+fp/hard\libc_nano.a(lib_a-findfp.o)
                0x00000000080078f4                __sf_fake_stdin
 .rodata.__sf_fake_stdout
                0x0000000008007914       0x20 c:/st/stm32cubeide_1.7.0/stm32cubeide/plugins/com.st.stm32cube.ide.mcu.externaltools.gnu-tools-for-stm32.9-2020-q2-update.win32_2.0.0.202105311346/tools/bin/../lib/gcc/arm-none-eabi/9.3.1/../../../../arm-none-eabi/lib/thumb/v7e-m+fp/hard\libc_nano.a(lib_a-findfp.o)
                0x0000000008007914                __sf_fake_stdout
                0x0000000008007934                . = ALIGN (0x4)

.ARM.extab      0x0000000008007934        0x0
                0x0000000008007934                . = ALIGN (0x4)
 *(.ARM.extab* .gnu.linkonce.armextab.*)
                0x0000000008007934                . = ALIGN (0x4)

.ARM            0x0000000008007934        0x8
                0x0000000008007934                . = ALIGN (0x4)
                0x0000000008007934                __exidx_start = .
 *(.ARM.exidx*)
 .ARM.exidx     0x0000000008007934        0x8 c:/st/stm32cubeide_1.7.0/stm32cubeide/plugins/com.st.stm32cube.ide.mcu.externaltools.gnu-tools-for-stm32.9-2020-q2-update.win32_2.0.0.202105311346/tools/bin/../lib/gcc/arm-none-eabi/9.3.1/thumb/v7e-m+fp/hard\libgcc.a(_udivmoddi4.o)
                0x000000000800793c                __exidx_end = .
                0x000000000800793c                . = ALIGN (0x4)

.rel.dyn        0x000000000800793c        0x0
 .rel.iplt      0x000000000800793c        0x0 c:/st/stm32cubeide_1.7.0/stm32cubeide/plugins/com.st.stm32cube.ide.mcu.externaltools.gnu-tools-for-stm32.9-2020-q2-update.win32_2.0.0.202105311346/tools/bin/../lib/gcc/arm-none-eabi/9.3.1/thumb/v7e-m+fp/hard/crtbegin.o

.preinit_array  0x000000000800793c        0x0
                0x000000000800793c                . = ALIGN (0x4)
                0x000000000800793c                PROVIDE (__preinit_array_start = .)
 *(.preinit_array*)
                0x000000000800793c                PROVIDE (__preinit_array_end = .)
                0x000000000800793c                . = ALIGN (0x4)

.init_array     0x000000000800793c        0x4
                0x000000000800793c                . = ALIGN (0x4)
                0x000000000800793c                PROVIDE (__init_array_start = .)
 *(SORT_BY_NAME(.init_array.*))
 *(.init_array*)
 .init_array    0x000000000800793c        0x4 c:/st/stm32cubeide_1.7.0/stm32cubeide/plugins/com.st.stm32cube.ide.mcu.externaltools.gnu-tools-for-stm32.9-2020-q2-update.win32_2.0.0.202105311346/tools/bin/../lib/gcc/arm-none-eabi/9.3.1/thumb/v7e-m+fp/hard/crtbegin.o
                0x0000000008007940                PROVIDE (__init_array_end = .)
                0x0000000008007940                . = ALIGN (0x4)

.fini_array     0x0000000008007940        0x4
                0x0000000008007940                . = ALIGN (0x4)
                [!provide]                        PROVIDE (__fini_array_start = .)
 *(SORT_BY_NAME(.fini_array.*))
 *(.fini_array*)
 .fini_array    0x0000000008007940        0x4 c:/st/stm32cubeide_1.7.0/stm32cubeide/plugins/com.st.stm32cube.ide.mcu.externaltools.gnu-tools-for-stm32.9-2020-q2-update.win32_2.0.0.202105311346/tools/bin/../lib/gcc/arm-none-eabi/9.3.1/thumb/v7e-m+fp/hard/crtbegin.o
                [!provide]                        PROVIDE (__fini_array_end = .)
                0x0000000008007944                . = ALIGN (0x4)
                0x0000000008007944                _sidata = LOADADDR (.data)

.data           0x0000000020000000      0x7e0 load address 0x0000000008007944
                0x0000000020000000                . = ALIGN (0x4)
                0x0000000020000000                _sdata = .
 *(.data)
 *(.data*)
 .data.SystemCoreClock
                0x0000000020000000        0x4 ./Core/Src/system_stm32l4xx.o
                0x0000000020000000                SystemCoreClock
 .data.uwTickFreq
                0x0000000020000004        0x1 ./Drivers/STM32L4xx_HAL_Driver/Src/stm32l4xx_hal.o
                0x0000000020000004                uwTickFreq
 *fill*         0x0000000020000005        0x3 
 .data.uwTickPrio
                0x0000000020000008        0x4 ./Drivers/STM32L4xx_HAL_Driver/Src/stm32l4xx_hal.o
                0x0000000020000008                uwTickPrio
 .data.__compound_literal.0
                0x000000002000000c       0x10 ./X-CUBE-AI/App/sine_model.o
 .data.__compound_literal.1
                0x000000002000001c       0x10 ./X-CUBE-AI/App/sine_model.o
 .data.__compound_literal.10
                0x000000002000002c       0x10 ./X-CUBE-AI/App/sine_model.o
 .data.__compound_literal.11
                0x000000002000003c       0x10 ./X-CUBE-AI/App/sine_model.o
 .data.__compound_literal.12
                0x000000002000004c       0x10 ./X-CUBE-AI/App/sine_model.o
 .data.__compound_literal.13
                0x000000002000005c       0x10 ./X-CUBE-AI/App/sine_model.o
 .data.__compound_literal.14
                0x000000002000006c       0x10 ./X-CUBE-AI/App/sine_model.o
 .data.__compound_literal.15
                0x000000002000007c       0x10 ./X-CUBE-AI/App/sine_model.o
 .data.__compound_literal.16
                0x000000002000008c       0x10 ./X-CUBE-AI/App/sine_model.o
 .data.__compound_literal.17
                0x000000002000009c       0x10 ./X-CUBE-AI/App/sine_model.o
 .data.__compound_literal.18
                0x00000000200000ac       0x10 ./X-CUBE-AI/App/sine_model.o
 .data.__compound_literal.19
                0x00000000200000bc       0x10 ./X-CUBE-AI/App/sine_model.o
 .data.__compound_literal.2
                0x00000000200000cc       0x10 ./X-CUBE-AI/App/sine_model.o
 .data.__compound_literal.20
                0x00000000200000dc       0x10 ./X-CUBE-AI/App/sine_model.o
 .data.__compound_literal.21
                0x00000000200000ec       0x10 ./X-CUBE-AI/App/sine_model.o
 .data.__compound_literal.22
                0x00000000200000fc       0x10 ./X-CUBE-AI/App/sine_model.o
 .data.__compound_literal.23
                0x000000002000010c       0x10 ./X-CUBE-AI/App/sine_model.o
 .data.__compound_literal.24
                0x000000002000011c        0x4 ./X-CUBE-AI/App/sine_model.o
 .data.__compound_literal.25
                0x0000000020000120        0x4 ./X-CUBE-AI/App/sine_model.o
 .data.__compound_literal.26
                0x0000000020000124        0x8 ./X-CUBE-AI/App/sine_model.o
 .data.__compound_literal.28
                0x000000002000012c       0x30 ./X-CUBE-AI/App/sine_model.o
 .data.__compound_literal.29
                0x000000002000015c        0x4 ./X-CUBE-AI/App/sine_model.o
 .data.__compound_literal.3
                0x0000000020000160       0x10 ./X-CUBE-AI/App/sine_model.o
 .data.__compound_literal.30
                0x0000000020000170        0x4 ./X-CUBE-AI/App/sine_model.o
 .data.__compound_literal.33
                0x0000000020000174       0x30 ./X-CUBE-AI/App/sine_model.o
 .data.__compound_literal.34
                0x00000000200001a4        0x4 ./X-CUBE-AI/App/sine_model.o
 .data.__compound_literal.35
                0x00000000200001a8        0x4 ./X-CUBE-AI/App/sine_model.o
 .data.__compound_literal.36
                0x00000000200001ac        0x8 ./X-CUBE-AI/App/sine_model.o
 .data.__compound_literal.38
                0x00000000200001b4       0x30 ./X-CUBE-AI/App/sine_model.o
 .data.__compound_literal.39
                0x00000000200001e4        0x4 ./X-CUBE-AI/App/sine_model.o
 .data.__compound_literal.4
                0x00000000200001e8       0x10 ./X-CUBE-AI/App/sine_model.o
 .data.__compound_literal.40
                0x00000000200001f8        0x4 ./X-CUBE-AI/App/sine_model.o
 .data.__compound_literal.43
                0x00000000200001fc       0x30 ./X-CUBE-AI/App/sine_model.o
 .data.__compound_literal.44
                0x000000002000022c        0x4 ./X-CUBE-AI/App/sine_model.o
 .data.__compound_literal.45
                0x0000000020000230        0x4 ./X-CUBE-AI/App/sine_model.o
 .data.__compound_literal.46
                0x0000000020000234        0x8 ./X-CUBE-AI/App/sine_model.o
 .data.__compound_literal.48
                0x000000002000023c       0x30 ./X-CUBE-AI/App/sine_model.o
 .data.__compound_literal.49
                0x000000002000026c       0x18 ./X-CUBE-AI/App/sine_model.o
 .data.__compound_literal.5
                0x0000000020000284       0x10 ./X-CUBE-AI/App/sine_model.o
 .data.__compound_literal.50
                0x0000000020000294       0x18 ./X-CUBE-AI/App/sine_model.o
 .data.__compound_literal.51
                0x00000000200002ac        0x4 ./X-CUBE-AI/App/sine_model.o
 .data.__compound_literal.55
                0x00000000200002b0        0xc ./X-CUBE-AI/App/sine_model.o
 .data.__compound_literal.56
                0x00000000200002bc        0x4 ./X-CUBE-AI/App/sine_model.o
 .data.__compound_literal.6
                0x00000000200002c0       0x10 ./X-CUBE-AI/App/sine_model.o
 .data.__compound_literal.60
                0x00000000200002d0        0xc ./X-CUBE-AI/App/sine_model.o
 .data.__compound_literal.61
                0x00000000200002dc       0x18 ./X-CUBE-AI/App/sine_model.o
 .data.__compound_literal.7
                0x00000000200002f4       0x10 ./X-CUBE-AI/App/sine_model.o
 .data.__compound_literal.8
                0x0000000020000304       0x10 ./X-CUBE-AI/App/sine_model.o
 .data.__compound_literal.9
                0x0000000020000314       0x10 ./X-CUBE-AI/App/sine_model.o
 .data.dense_0_bias
                0x0000000020000324       0x1c ./X-CUBE-AI/App/sine_model.o
 .data.dense_0_bias_array
                0x0000000020000340       0x10 ./X-CUBE-AI/App/sine_model.o
 .data.dense_0_layer
                0x0000000020000350       0x1c ./X-CUBE-AI/App/sine_model.o
 .data.dense_0_output
                0x000000002000036c       0x1c ./X-CUBE-AI/App/sine_model.o
 .data.dense_0_output_array
                0x0000000020000388       0x10 ./X-CUBE-AI/App/sine_model.o
 .data.dense_0_weights
                0x0000000020000398       0x1c ./X-CUBE-AI/App/sine_model.o
 .data.dense_0_weights_array
                0x00000000200003b4       0x10 ./X-CUBE-AI/App/sine_model.o
 .data.dense_1_bias
                0x00000000200003c4       0x1c ./X-CUBE-AI/App/sine_model.o
 .data.dense_1_bias_array
                0x00000000200003e0       0x10 ./X-CUBE-AI/App/sine_model.o
 .data.dense_1_layer
                0x00000000200003f0       0x1c ./X-CUBE-AI/App/sine_model.o
 .data.dense_1_output
                0x000000002000040c       0x1c ./X-CUBE-AI/App/sine_model.o
 .data.dense_1_output_array
                0x0000000020000428       0x10 ./X-CUBE-AI/App/sine_model.o
 .data.dense_1_weights
                0x0000000020000438       0x1c ./X-CUBE-AI/App/sine_model.o
 .data.dense_1_weights_array
                0x0000000020000454       0x10 ./X-CUBE-AI/App/sine_model.o
 .data.dense_2_bias
                0x0000000020000464       0x1c ./X-CUBE-AI/App/sine_model.o
 .data.dense_2_bias_array
                0x0000000020000480       0x10 ./X-CUBE-AI/App/sine_model.o
 .data.dense_2_layer
                0x0000000020000490       0x1c ./X-CUBE-AI/App/sine_model.o
 .data.dense_2_output
                0x00000000200004ac       0x1c ./X-CUBE-AI/App/sine_model.o
 .data.dense_2_output_array
                0x00000000200004c8       0x10 ./X-CUBE-AI/App/sine_model.o
 .data.dense_2_weights
                0x00000000200004d8       0x1c ./X-CUBE-AI/App/sine_model.o
 .data.dense_2_weights_array
                0x00000000200004f4       0x10 ./X-CUBE-AI/App/sine_model.o
 .data.dense_3_input_output
                0x0000000020000504       0x1c ./X-CUBE-AI/App/sine_model.o
 .data.dense_3_input_output_array
                0x0000000020000520       0x10 ./X-CUBE-AI/App/sine_model.o
 .data.g_sine_model
                0x0000000020000530       0x48 ./X-CUBE-AI/App/sine_model.o
 .data.nl_0_nl_layer
                0x0000000020000578       0x20 ./X-CUBE-AI/App/sine_model.o
 .data.nl_0_nl_output
                0x0000000020000598       0x1c ./X-CUBE-AI/App/sine_model.o
 .data.nl_0_nl_output_array
                0x00000000200005b4       0x10 ./X-CUBE-AI/App/sine_model.o
 .data.nl_1_nl_layer
                0x00000000200005c4       0x20 ./X-CUBE-AI/App/sine_model.o
 .data.nl_1_nl_output
                0x00000000200005e4       0x1c ./X-CUBE-AI/App/sine_model.o
 .data.nl_1_nl_output_array
                0x0000000020000600       0x10 ./X-CUBE-AI/App/sine_model.o
 .data._impure_ptr
                0x0000000020000610        0x4 c:/st/stm32cubeide_1.7.0/stm32cubeide/plugins/com.st.stm32cube.ide.mcu.externaltools.gnu-tools-for-stm32.9-2020-q2-update.win32_2.0.0.202105311346/tools/bin/../lib/gcc/arm-none-eabi/9.3.1/../../../../arm-none-eabi/lib/thumb/v7e-m+fp/hard\libc_nano.a(lib_a-impure.o)
                0x0000000020000610                _impure_ptr
 .data.impure_data
                0x0000000020000614       0x60 c:/st/stm32cubeide_1.7.0/stm32cubeide/plugins/com.st.stm32cube.ide.mcu.externaltools.gnu-tools-for-stm32.9-2020-q2-update.win32_2.0.0.202105311346/tools/bin/../lib/gcc/arm-none-eabi/9.3.1/../../../../arm-none-eabi/lib/thumb/v7e-m+fp/hard\libc_nano.a(lib_a-impure.o)
 .data.__global_locale
                0x0000000020000674      0x16c c:/st/stm32cubeide_1.7.0/stm32cubeide/plugins/com.st.stm32cube.ide.mcu.externaltools.gnu-tools-for-stm32.9-2020-q2-update.win32_2.0.0.202105311346/tools/bin/../lib/gcc/arm-none-eabi/9.3.1/../../../../arm-none-eabi/lib/thumb/v7e-m+fp/hard\libc_nano.a(lib_a-locale.o)
                0x0000000020000674                __global_locale
 *(.RamFunc)
 *(.RamFunc*)
                0x00000000200007e0                . = ALIGN (0x4)
                0x00000000200007e0                _edata = .

.igot.plt       0x00000000200007e0        0x0 load address 0x0000000008008124
 .igot.plt      0x00000000200007e0        0x0 c:/st/stm32cubeide_1.7.0/stm32cubeide/plugins/com.st.stm32cube.ide.mcu.externaltools.gnu-tools-for-stm32.9-2020-q2-update.win32_2.0.0.202105311346/tools/bin/../lib/gcc/arm-none-eabi/9.3.1/thumb/v7e-m+fp/hard/crtbegin.o
                0x00000000200007e0                . = ALIGN (0x4)

.bss            0x00000000200007e0      0x1ac load address 0x0000000008008124
                0x00000000200007e0                _sbss = .
                0x00000000200007e0                __bss_start__ = _sbss
 *(.bss)
 .bss           0x00000000200007e0       0x1c c:/st/stm32cubeide_1.7.0/stm32cubeide/plugins/com.st.stm32cube.ide.mcu.externaltools.gnu-tools-for-stm32.9-2020-q2-update.win32_2.0.0.202105311346/tools/bin/../lib/gcc/arm-none-eabi/9.3.1/thumb/v7e-m+fp/hard/crtbegin.o
 *(.bss*)
 .bss.__sbrk_heap_end
                0x00000000200007fc        0x4 ./Core/Src/sysmem.o
 .bss.__compound_literal.27
                0x0000000020000800        0x4 ./X-CUBE-AI/App/sine_model.o
 .bss.__compound_literal.31
                0x0000000020000804        0x4 ./X-CUBE-AI/App/sine_model.o
 .bss.__compound_literal.32
                0x0000000020000808        0x4 ./X-CUBE-AI/App/sine_model.o
 .bss.__compound_literal.37
                0x000000002000080c        0x4 ./X-CUBE-AI/App/sine_model.o
 .bss.__compound_literal.41
                0x0000000020000810        0x4 ./X-CUBE-AI/App/sine_model.o
 .bss.__compound_literal.42
                0x0000000020000814        0x4 ./X-CUBE-AI/App/sine_model.o
 .bss.__compound_literal.47
                0x0000000020000818        0x4 ./X-CUBE-AI/App/sine_model.o
 .bss.__compound_literal.52
                0x000000002000081c       0x18 ./X-CUBE-AI/App/sine_model.o
 .bss.__compound_literal.53
                0x0000000020000834       0x10 ./X-CUBE-AI/App/sine_model.o
 .bss.__compound_literal.54
                0x0000000020000844        0x8 ./X-CUBE-AI/App/sine_model.o
 .bss.__compound_literal.57
                0x000000002000084c       0x18 ./X-CUBE-AI/App/sine_model.o
 .bss.__compound_literal.58
                0x0000000020000864       0x10 ./X-CUBE-AI/App/sine_model.o
 .bss.__compound_literal.59
                0x0000000020000874        0x8 ./X-CUBE-AI/App/sine_model.o
 .bss.__malloc_free_list
                0x000000002000087c        0x4 c:/st/stm32cubeide_1.7.0/stm32cubeide/plugins/com.st.stm32cube.ide.mcu.externaltools.gnu-tools-for-stm32.9-2020-q2-update.win32_2.0.0.202105311346/tools/bin/../lib/gcc/arm-none-eabi/9.3.1/../../../../arm-none-eabi/lib/thumb/v7e-m+fp/hard\libc_nano.a(lib_a-nano-mallocr.o)
                0x000000002000087c                __malloc_free_list
 .bss.__malloc_sbrk_start
                0x0000000020000880        0x4 c:/st/stm32cubeide_1.7.0/stm32cubeide/plugins/com.st.stm32cube.ide.mcu.externaltools.gnu-tools-for-stm32.9-2020-q2-update.win32_2.0.0.202105311346/tools/bin/../lib/gcc/arm-none-eabi/9.3.1/../../../../arm-none-eabi/lib/thumb/v7e-m+fp/hard\libc_nano.a(lib_a-nano-mallocr.o)
                0x0000000020000880                __malloc_sbrk_start
 *(COMMON)
 COMMON         0x0000000020000884       0xf4 ./Core/Src/main.o
                0x0000000020000884                hcrc
                0x00000000200008a8                huart2
                0x000000002000092c                htim16
 COMMON         0x0000000020000978        0x4 ./Drivers/STM32L4xx_HAL_Driver/Src/stm32l4xx_hal.o
                0x0000000020000978                uwTick
 COMMON         0x000000002000097c        0x4 c:/st/stm32cubeide_1.7.0/stm32cubeide/plugins/com.st.stm32cube.ide.mcu.externaltools.gnu-tools-for-stm32.9-2020-q2-update.win32_2.0.0.202105311346/tools/bin/../lib/gcc/arm-none-eabi/9.3.1/../../../../arm-none-eabi/lib/thumb/v7e-m+fp/hard\libc_nano.a(lib_a-reent.o)
                0x000000002000097c                errno
 COMMON         0x0000000020000980        0x9 c:/st/stm32cubeide_1.7.0/stm32cubeide/plugins/com.st.stm32cube.ide.mcu.externaltools.gnu-tools-for-stm32.9-2020-q2-update.win32_2.0.0.202105311346/tools/bin/../lib/gcc/arm-none-eabi/9.3.1/../../../../arm-none-eabi/lib/thumb/v7e-m+fp/hard\libc_nano.a(lib_a-lock.o)
                0x0000000020000980                __lock___atexit_recursive_mutex
                0x0000000020000981                __lock___arc4random_mutex
                0x0000000020000982                __lock___env_recursive_mutex
                0x0000000020000983                __lock___sinit_recursive_mutex
                0x0000000020000984                __lock___malloc_recursive_mutex
                0x0000000020000985                __lock___at_quick_exit_mutex
                0x0000000020000986                __lock___dd_hash_mutex
                0x0000000020000987                __lock___tz_mutex
                0x0000000020000988                __lock___sfp_recursive_mutex
                0x000000002000098c                . = ALIGN (0x4)
 *fill*         0x0000000020000989        0x3 
                0x000000002000098c                _ebss = .
                0x000000002000098c                __bss_end__ = _ebss

._user_heap_stack
                0x000000002000098c     0x1004 load address 0x0000000008008124